 BHclientT_sfun

 Timestamp is 4f957d93 (Mon Apr 23 18:04:35 2012)

 Preferred load address is 10000000

 Start         Length     Name                   Class
 0001:00000000 000299f8H .text                   CODE
 0002:00000000 00000220H .idata$5                DATA
 0002:00000220 00000004H .CRT$XCA                DATA
 0002:00000224 00000004H .CRT$XCZ                DATA
 0002:00000228 00000004H .CRT$XIA                DATA
 0002:0000022c 00000004H .CRT$XIAA               DATA
 0002:00000230 00000004H .CRT$XIC                DATA
 0002:00000234 00000004H .CRT$XIZ                DATA
 0002:00000238 00003fa8H .rdata                  DATA
 0002:000041e0 00000004H .rdata$sxdata           DATA
 0002:000041e4 00000004H .rtc$IAA                DATA
 0002:000041e8 00000004H .rtc$IZZ                DATA
 0002:000041ec 00000004H .rtc$TAA                DATA
 0002:000041f0 00000004H .rtc$TZZ                DATA
 0002:000041f8 00000084H .xdata$x                DATA
 0002:0000427c 000000a0H .idata$2                DATA
 0002:0000431c 00000014H .idata$3                DATA
 0002:00004330 00000220H .idata$4                DATA
 0002:00004550 00000976H .idata$6                DATA
 0002:00004ed0 00000054H .edata                  DATA
 0003:00000000 000025c8H .data                   DATA
 0003:000025e0 000024ccH .bss                    DATA

  Address         Publics by Value              Rva+Base       Lib:Object

 0000:00000000       __except_list              00000000     <absolute>
 0000:00000001       ___safe_se_handler_count   00000001     <absolute>
 0000:00009876       __ldused                   00009876     <absolute>
 0000:00009876       __fltused                  00009876     <absolute>
 0000:00000000       ___ImageBase               10000000     <linker-defined>
 0001:00000000       _sf_c2_BHclientT_get_eml_resolved_functions_info 10001000 f   c2_BHclientT.obj
 0001:00001290       _sf_c2_BHclientT_get_check_sum 10002290 f   c2_BHclientT.obj
 0001:000012f0       _sf_c2_BHclientT_get_autoinheritance_info 100022f0 f   c2_BHclientT.obj
 0001:00001a40       _c2_BHclientT_method_dispatcher 10002a40 f   c2_BHclientT.obj
 0001:00003500       _sf_process_check_sum_call 10004500 f   BHclientT_sfun_registry.obj
 0001:00003530       _sf_process_autoinheritence_call 10004530 f   BHclientT_sfun_registry.obj
 0001:00003560       _sf_process_get_eml_resolved_functions_info_call 10004560 f   BHclientT_sfun_registry.obj
 0001:00003680       _sf_mex_unlock_call        10004680 f   BHclientT_sfun_registry.obj
 0001:00003710       _sf_machine_global_initializer_called 10004710 f   BHclientT_sfun_registry.obj
 0001:00003730       _sf_machine_global_method_dispatcher 10004730 f   BHclientT_sfun_registry.obj
 0001:00003770       _sf_machine_global_terminator 10004770 f   BHclientT_sfun_registry.obj
 0001:000037a0       _sf_register_machine_exported_symbols 100047a0 f   BHclientT_sfun_registry.obj
 0001:000037c0       _callCustomFcn             100047c0 f   BHclientT_sfun_registry.obj
 0001:000037d0       _sf_machine_global_initializer 100047d0 f   BHclientT_sfun_registry.obj
 0001:00003830       __ssSetInputPortMatrixDimensions 10004830 f   BHclientT_sfun_registry.obj
 0001:000038e0       __ssSetOutputPortMatrixDimensions 100048e0 f   BHclientT_sfun_registry.obj
 0001:00003990       __ssSetInputPortVectorDimension 10004990 f   BHclientT_sfun_registry.obj
 0001:00003a10       __ssSetOutputPortVectorDimension 10004a10 f   BHclientT_sfun_registry.obj
 0001:00003a90       _ssIsRunTimeParamTunable   10004a90 f   BHclientT_sfun_registry.obj
 0001:00003af0       _ssGetSFuncBlockHandle     10004af0 f   BHclientT_sfun_registry.obj
 0001:00003b40       __ssGetCurrentInputPortWidth 10004b40 f   BHclientT_sfun_registry.obj
 0001:00003c10       __ssGetCurrentOutputPortWidth 10004c10 f   BHclientT_sfun_registry.obj
 0001:00003ce0       _ssWarning                 10004ce0 f   BHclientT_sfun_registry.obj
 0001:00003dc0       __ssGetInputPortSignalPtrsFcn 10004dc0 f   BHclientT_sfun_registry.obj
 0001:00003fc0       __ssGetInputPortSignalFcn  10004fc0 f   BHclientT_sfun_registry.obj
 0001:00004150       __ssSetInputPortDirectFeedThroughFcn 10005150 f   BHclientT_sfun_registry.obj
 0001:00004280       __ssSetInputPortReusableFcn 10005280 f   BHclientT_sfun_registry.obj
 0001:00004310       __ssSetOutputPortReusableFcn 10005310 f   BHclientT_sfun_registry.obj
 0001:000043a0       _ssGetDTypeIdFromMxArray   100053a0 f   BHclientT_sfun_registry.obj
 0001:00004490       _ssWriteRTWStr             10005490 f   BHclientT_sfun_registry.obj
 0001:000044d0       _ssWriteRTWMxVectParam     100054d0 f   BHclientT_sfun_registry.obj
 0001:00004510       _ssWriteRTWMx2dMatParam    10005510 f   BHclientT_sfun_registry.obj
 0001:00004550       _ssWriteRTWNameValuePair   10005550 f   BHclientT_sfun_registry.obj
 0001:000048c0       _ssWriteRTWParameters      100058c0 f   BHclientT_sfun_registry.obj
 0001:00004c60       _ssWriteRTWParamSettings   10005c60 f   BHclientT_sfun_registry.obj
 0001:00005110       _ssWriteRTWWorkVect        10006110 f   BHclientT_sfun_registry.obj
 0001:000054a0       _mexFunction               100064a0 f   BHclientT_sfun_registry.obj
 0001:00006b70       _ProcessMexSfunctionEveryCall 10007b70 f   BHclientT_sfun_registry.obj
 0001:00006c80       _BHclientT_initializer     10007c80 f   BHclientT_sfun.obj
 0001:00006c90       _BHclientT_terminator      10007c90 f   BHclientT_sfun.obj
 0001:00006ca0       _sf_BHclientT_method_dispatcher 10007ca0 f   BHclientT_sfun.obj
 0001:00006cd0       _sf_BHclientT_process_check_sum_call 10007cd0 f   BHclientT_sfun.obj
 0001:00007080       _sf_BHclientT_autoinheritance_info 10008080 f   BHclientT_sfun.obj
 0001:00007150       _sf_BHclientT_get_eml_resolved_functions_info 10008150 f   BHclientT_sfun.obj
 0001:00007240       _BHclientT_debug_initialize 10008240 f   BHclientT_sfun.obj
 0001:00007290       _BHclientT_register_exported_symbols 10008290 f   BHclientT_sfun.obj
 0001:00007300       _sf_mex_mx_is_numeric      10008300 f   sfc_mexmsvc80:sfc_mex.obj
 0001:00007340       _strcmp_ignore_ws          10008340 f   sfc_mexmsvc80:sfc_mex.obj
 0001:00007460       _sf_mex_duplicatearraysafe 10008460 f   sfc_mexmsvc80:sfc_mex.obj
 0001:00007640       _sf_set_error_debugger_context_message_fcn 10008640 f   sfc_mexmsvc80:sfc_mex.obj
 0001:00007650       _sf_set_debugger_matlab_error_fcn 10008650 f   sfc_mexmsvc80:sfc_mex.obj
 0001:00007670       _sf_set_error_prefix_string 10008670 f   sfc_mexmsvc80:sfc_mex.obj
 0001:000076a0       _sf_get_error_prefix_string 100086a0 f   sfc_mexmsvc80:sfc_mex.obj
 0001:000076b0       _sf_get_current_jmp_buf_ptr 100086b0 f   sfc_mexmsvc80:sfc_mex.obj
 0001:000076c0       _sf_set_current_jmp_buf_ptr 100086c0 f   sfc_mexmsvc80:sfc_mex.obj
 0001:000076d0       _sf_mex_set_halt_simulation 100086d0 f   sfc_mexmsvc80:sfc_mex.obj
 0001:000076e0       _sf_mex_get_halt_simulation 100086e0 f   sfc_mexmsvc80:sfc_mex.obj
 0001:000076f0       _sf_mex_clear_error_message 100086f0 f   sfc_mexmsvc80:sfc_mex.obj
 0001:00007710       _sf_mex_get_error_message_for_read 10008710 f   sfc_mexmsvc80:sfc_mex.obj
 0001:00007720       _sf_mex_get_error_message_buffer_length 10008720 f   sfc_mexmsvc80:sfc_mex.obj
 0001:000077f0       _sf_mex_warning_message    100087f0 f   sfc_mexmsvc80:sfc_mex.obj
 0001:00007840       _sf_mex_v_errbuf_createf   10008840 f   sfc_mexmsvc80:sfc_mex.obj
 0001:00007860       _sf_mex_errbuf_createf     10008860 f   sfc_mexmsvc80:sfc_mex.obj
 0001:00007880       _sf_mex_v_errbuf_catf      10008880 f   sfc_mexmsvc80:sfc_mex.obj
 0001:000078c0       _sf_mex_errbuf_catf        100088c0 f   sfc_mexmsvc80:sfc_mex.obj
 0001:00007900       _sf_mex_errbuf_copy        10008900 f   sfc_mexmsvc80:sfc_mex.obj
 0001:00007920       _sf_mex_errbuf_clear       10008920 f   sfc_mexmsvc80:sfc_mex.obj
 0001:00007930       _sf_mex_errbuf_isempty     10008930 f   sfc_mexmsvc80:sfc_mex.obj
 0001:000079c0       _sf_mex_set_error_status   100089c0 f   sfc_mexmsvc80:sfc_mex.obj
 0001:000079f0       _sf_mex_error_direct_call  100089f0 f   sfc_mexmsvc80:sfc_mex.obj
 0001:00007a10       _sf_mex_long_jump_on_error 10008a10 f   sfc_mexmsvc80:sfc_mex.obj
 0001:00007a40       _sf_mex_call_matlab        10008a40 f   sfc_mexmsvc80:sfc_mex.obj
 0001:00007b10       _sf_mex_check_builtin      10008b10 f   sfc_mexmsvc80:sfc_mex.obj
 0001:00007b40       _sf_mex_check_builtin_vs   10008b40 f   sfc_mexmsvc80:sfc_mex.obj
 0001:00007b80       _sf_mex_check_enum         10008b80 f   sfc_mexmsvc80:sfc_mex.obj
 0001:00007bb0       _sf_mex_create_enum        10008bb0 f   sfc_mexmsvc80:sfc_mex.obj
 0001:00007bc0       _sf_mex_get_enum_element   10008bc0 f   sfc_mexmsvc80:sfc_mex.obj
 0001:00007bd0       _sf_mex_createcellarray    10008bd0 f   sfc_mexmsvc80:sfc_mex.obj
 0001:00007bf0       _sf_mex_setcell            10008bf0 f   sfc_mexmsvc80:sfc_mex.obj
 0001:00007c00       _sf_mex_getcell            10008c00 f   sfc_mexmsvc80:sfc_mex.obj
 0001:00007c10       _sf_mex_dup                10008c10 f   sfc_mexmsvc80:sfc_mex.obj
 0001:00007c40       _sf_mex_assign             10008c40 f   sfc_mexmsvc80:sfc_mex.obj
 0001:00007c90       _sf_mex_destroy            10008c90 f   sfc_mexmsvc80:sfc_mex.obj
 0001:00007cb0       _mx_array_has_fi_type      10008cb0 f   sfc_mexmsvc80:sfc_mex.obj
 0001:00007ce0       _sf_mex_convert_from_fi    10008ce0 f   sfc_mexmsvc80:sfc_mex.obj
 0001:00007d60       _sf_mex_convert_to_double  10008d60 f   sfc_mexmsvc80:sfc_mex.obj
 0001:00007ec0       _sf_matrix_matrix_index_ok 10008ec0 f   sfc_mexmsvc80:sfc_mex.obj
 0001:00007f40       _ssGetCurrentInputPortDimensions_wrapper 10008f40 f   sfc_mexmsvc80:sfc_mex.obj
 0001:00007f60       _ssGetCurrentOutputPortDimensions_wrapper 10008f60 f   sfc_mexmsvc80:sfc_mex.obj
 0001:00007f80       _sf_get_mapped_dsm_name    10008f80 f   sfc_mexmsvc80:sfc_mex.obj
 0001:00008080       _sf_clear_error_manager_info 10009080 f   sfc_mexmsvc80:sfc_mex.obj
 0001:000080d0       _sf_mex_stop_simulation_abruptly_wo_error 100090d0 f   sfc_mexmsvc80:sfc_mex.obj
 0001:00008100       _sf_mex_error_message      10009100 f   sfc_mexmsvc80:sfc_mex.obj
 0001:00008150       _sf_react_to_error_in_matlab_call 10009150 f   sfc_mexmsvc80:sfc_mex.obj
 0001:00008170       _sf_mex_addfield           10009170 f   sfc_mexmsvc80:sfc_mex.obj
 0001:000081e0       _sf_mex_getfield           100091e0 f   sfc_mexmsvc80:sfc_mex.obj
 0001:00008330       _sf_mex_check_class        10009330 f   sfc_mexmsvc80:sfc_mex.obj
 0001:000083b0       _sf_mex_is_real            100093b0 f   sfc_mexmsvc80:sfc_mex.obj
 0001:000083f0       _sf_mex_check_complex      100093f0 f   sfc_mexmsvc80:sfc_mex.obj
 0001:00008460       _sf_mex_check_sparse       10009460 f   sfc_mexmsvc80:sfc_mex.obj
 0001:000084b0       _sf_mex_check_numerictype  100094b0 f   sfc_mexmsvc80:sfc_mex.obj
 0001:00008550       _sf_mex_check_fimath       10009550 f   sfc_mexmsvc80:sfc_mex.obj
 0001:000085f0       _sf_mex_decode_encoded_mx_struct_array 100095f0 f   sfc_mexmsvc80:sfc_mex.obj
 0001:00008790       _sf_mex_lw_bounds_check    10009790 f   sfc_mexmsvc80:sfc_mex.obj
 0001:000087c0       _sf_mex_lw_size_eq_check_1d 100097c0 f   sfc_mexmsvc80:sfc_mex.obj
 0001:000087e0       _sf_mex_lw_size_eq_check_nd 100097e0 f   sfc_mexmsvc80:sfc_mex.obj
 0001:000088c0       _sf_mex_lw_dim_size_eq_check 100098c0 f   sfc_mexmsvc80:sfc_mex.obj
 0001:000088f0       _sf_mex_lw_dim_size_geq_check 100098f0 f   sfc_mexmsvc80:sfc_mex.obj
 0001:00008920       _sf_mex_lw_sub_assign_size_check_nd 10009920 f   sfc_mexmsvc80:sfc_mex.obj
 0001:00008a50       _sf_mex_lw_matrix_matrix_index_check 10009a50 f   sfc_mexmsvc80:sfc_mex.obj
 0001:00008a80       _sf_mex_lw_non_negative_check 10009a80 f   sfc_mexmsvc80:sfc_mex.obj
 0001:00008ab0       _sf_mex_overflow_error     10009ab0 f   sfc_mexmsvc80:sfc_mex.obj
 0001:00008ac0       _sf_mex_dividebyzero_error 10009ac0 f   sfc_mexmsvc80:sfc_mex.obj
 0001:00008ad0       _sf_mex_unsafe_enum_error  10009ad0 f   sfc_mexmsvc80:sfc_mex.obj
 0001:00008ae0       _sf_emlrtErrHandler        10009ae0 f   sfc_mexmsvc80:sfc_mex.obj
 0001:00008b20       _sf_mex_printf             10009b20 f   sfc_mexmsvc80:sfc_mex.obj
 0001:00008c00       _sf_mex_check_size         10009c00 f   sfc_mexmsvc80:sfc_mex.obj
 0001:00008e80       _sf_mex_check_struct       10009e80 f   sfc_mexmsvc80:sfc_mex.obj
 0001:00008f80       _sf_mex_check_struct_vs    10009f80 f   sfc_mexmsvc80:sfc_mex.obj
 0001:00008fc0       _sf_mex_check_fi           10009fc0 f   sfc_mexmsvc80:sfc_mex.obj
 0001:00009090       _sf_mex_check_fi_vs        1000a090 f   sfc_mexmsvc80:sfc_mex.obj
 0001:000090e0       _sf_echo_expression        1000a0e0 f   sfc_mexmsvc80:sfc_mex.obj
 0001:00009130       _sf_assertion_failed       1000a130 f   sfc_mexmsvc80:sfc_mex.obj
 0001:000092b0       _sf_mex_evalin             1000a2b0 f   sfc_mexmsvc80:sfc_mex.obj
 0001:00009510       _sf_mex_export             1000a510 f   sfc_mexmsvc80:sfc_mex.obj
 0001:000095c0       _sf_mex_get_ml_var_no_error 1000a5c0 f   sfc_mexmsvc80:sfc_mex.obj
 0001:00009720       _sf_mex_get_ml_var         1000a720 f   sfc_mexmsvc80:sfc_mex.obj
 0001:00009a30       _ml_set_element_value_in_array 1000aa30 f   sfc_mexmsvc80:sfc_mex.obj
 0001:0000b130       _sf_mex_call_impl          1000c130 f   sfc_mexmsvc80:sfc_mex.obj
 0001:0000b4c0       _sf_mex_call_debug         1000c4c0 f   sfc_mexmsvc80:sfc_mex.obj
 0001:0000b4e0       _sf_mex_call               1000c4e0 f   sfc_mexmsvc80:sfc_mex.obj
 0001:0000bbf0       _sf_mex_createstruct       1000cbf0 f   sfc_mexmsvc80:sfc_mex.obj
 0001:0000bc90       _sf_mex_createstructarray  1000cc90 f   sfc_mexmsvc80:sfc_mex.obj
 0001:0000bcf0       _sf_mex_get_mx_datatype_from_sf_datatype 1000ccf0 f   sfc_mexmsvc80:sfc_mex.obj
 0001:0000bf70       _sf_mex_ml_var_sub         1000cf70 f   sfc_mexmsvc80:sfc_mex.obj
 0001:0000c0d0       _sf_mex_ml_var_subsasgn    1000d0d0 f   sfc_mexmsvc80:sfc_mex.obj
 0001:0000c3e0       _sf_mex_sub                1000d3e0 f   sfc_mexmsvc80:sfc_mex.obj
 0001:0000c560       _sf_mex_subsasgn           1000d560 f   sfc_mexmsvc80:sfc_mex.obj
 0001:0000c910       _sf_mex_create             1000d910 f   sfc_mexmsvc80:sfc_mex.obj
 0001:0000d0c0       _sf_mex_import             1000e0c0 f   sfc_mexmsvc80:sfc_mex.obj
 0001:0000d160       _sf_mex_import_vs          1000e160 f   sfc_mexmsvc80:sfc_mex.obj
 0001:0000d1f0       _sf_mex_lower_fixpt_mx_array 1000e1f0 f   sfc_mexmsvc80:sfc_mex.obj
 0001:0000d530       _sim_mode_is_rtw_gen       1000e530 f   sfc_mexmsvc80:sfc_sf.obj
 0001:0000d570       _sim_mode_is_external      1000e570 f   sfc_mexmsvc80:sfc_sf.obj
 0001:0000d590       _mdlInitializeSizes        1000e590 f   sfc_mexmsvc80:sfc_sf.obj
 0001:0000d5b0       _mdlInitializeSampleTimes  1000e5b0 f   sfc_mexmsvc80:sfc_sf.obj
 0001:0000d5f0       _mdlZeroCrossings          1000e5f0 f   sfc_mexmsvc80:sfc_sf.obj
 0001:0000d6a0       _mdlDerivatives            1000e6a0 f   sfc_mexmsvc80:sfc_sf.obj
 0001:0000d740       _mdl_initialize_conditions_processing 1000e740 f   sfc_mexmsvc80:sfc_sf.obj
 0001:0000d770       _mdlInitializeConditions   1000e770 f   sfc_mexmsvc80:sfc_sf.obj
 0001:0000d810       _mdl_get_sim_state_processing 1000e810 f   sfc_mexmsvc80:sfc_sf.obj
 0001:0000d8c0       _mdlGetSimState            1000e8c0 f   sfc_mexmsvc80:sfc_sf.obj
 0001:0000d8d0       _mdl_set_sim_state_processing 1000e8d0 f   sfc_mexmsvc80:sfc_sf.obj
 0001:0000d9a0       _mdlSetSimState            1000e9a0 f   sfc_mexmsvc80:sfc_sf.obj
 0001:0000d9b0       _mdl_ext_mode_exec_processing 1000e9b0 f   sfc_mexmsvc80:sfc_sf.obj
 0001:0000d9d0       _mdlExtModeExec            1000e9d0 f   sfc_mexmsvc80:sfc_sf.obj
 0001:0000db80       _mdlTerminate              1000eb80 f   sfc_mexmsvc80:sfc_sf.obj
 0001:0000dbe0       _mdlRTW                    1000ebe0 f   sfc_mexmsvc80:sfc_sf.obj
 0001:0000dc10       _mdlSetWorkWidths          1000ec10 f   sfc_mexmsvc80:sfc_sf.obj
 0001:0000dc30       _mdlProcessParameters      1000ec30 f   sfc_mexmsvc80:sfc_sf.obj
 0001:0000dc50       _mdl_start_processing      1000ec50 f   sfc_mexmsvc80:sfc_sf.obj
 0001:0000dc90       _mdlStart                  1000ec90 f   sfc_mexmsvc80:sfc_sf.obj
 0001:0000dd60       _mdlEnable                 1000ed60 f   sfc_mexmsvc80:sfc_sf.obj
 0001:0000de10       _mdlDisable                1000ee10 f   sfc_mexmsvc80:sfc_sf.obj
 0001:0000dea0       _sf_get_chart_instance_ptr 1000eea0 f   sfc_mexmsvc80:sfc_sf.obj
 0001:0000dec0       _sf_rtw_info_uint_prop     1000eec0 f   sfc_mexmsvc80:sfc_sf.obj
 0001:0000dff0       _sf_is_chart_inlinable     1000eff0 f   sfc_mexmsvc80:sfc_sf.obj
 0001:0000e010       _sf_mark_output_events_with_multiple_callers 1000f010 f   sfc_mexmsvc80:sfc_sf.obj
 0001:0000e180       _sf_mark_chart_reusable_outputs 1000f180 f   sfc_mexmsvc80:sfc_sf.obj
 0001:0000e2f0       _sf_mark_chart_expressionable_inputs 1000f2f0 f   sfc_mexmsvc80:sfc_sf.obj
 0001:0000e4e0       _sf_get_subchart_simstruct 1000f4e0 f   sfc_mexmsvc80:sfc_sf.obj
 0001:0000e520       _sf_write_symbol_mapping   1000f520 f   sfc_mexmsvc80:sfc_sf.obj
 0001:0000e6f0       _sf_get_fixpt_data_type_id 1000f6f0 f   sfc_mexmsvc80:sfc_sf.obj
 0001:0000e730       _sf_get_enum_data_type_id  1000f730 f   sfc_mexmsvc80:sfc_sf.obj
 0001:0000e770       _sf_get_param_data_type_id 1000f770 f   sfc_mexmsvc80:sfc_sf.obj
 0001:0000e7a0       _sf_mex_listen_for_ctrl_c_force 1000f7a0 f   sfc_mexmsvc80:sfc_sf.obj
 0001:0000e8a0       _sf_mex_draw_now           1000f8a0 f   sfc_mexmsvc80:sfc_sf.obj
 0001:0000e8e0       _sf_mex_set_debugger_sim_status_listener_fcn 1000f8e0 f   sfc_mexmsvc80:sfc_sf.obj
 0001:0000e8f0       _sf_mex_listen_for_ctrl_c  1000f8f0 f   sfc_mexmsvc80:sfc_sf.obj
 0001:0000e980       _sf_mex_get_sfun_param     1000f980 f   sfc_mexmsvc80:sfc_sf.obj
 0001:0000e9d0       _sf_get_runtime_param_data 1000f9d0 f   sfc_mexmsvc80:sfc_sf.obj
 0001:0000ea10       _sf_call_output_fcn_call   1000fa10 f   sfc_mexmsvc80:sfc_sf.obj
 0001:0000eb30       _sf_call_output_fcn_enable 1000fb30 f   sfc_mexmsvc80:sfc_sf.obj
 0001:0000ebb0       _sf_call_output_fcn_disable 1000fbb0 f   sfc_mexmsvc80:sfc_sf.obj
 0001:0000ec30       _sf_clear_rtw_identifier   1000fc30 f   sfc_mexmsvc80:sfc_sf.obj
 0001:0000f430       _sf_set_encoded_dwork_info 10010430 f   sfc_mexmsvc80:sfc_sf.obj
 0001:0000f470       _sf_set_rtw_dwork_info     10010470 f   sfc_mexmsvc80:sfc_sf.obj
 0001:0000f560       _mdlOutputs                10010560 f   sfc_mexmsvc80:sfc_sf.obj
 0001:0000f680       _sf_debug_disp             10010680 f   sfc_debugmsvc80:sfcdebug.obj
 0001:0000f880       _sf_debug_data_runtime_size_mismatch_error_check 10010880 f   sfc_debugmsvc80:sfcdebug.obj
 0001:0000f8c0       _sf_debug_try_loading_machine 100108c0 f   sfc_debugmsvc80:sfcdebug.obj
 0001:0000f990       _sf_debug_reset_current_state_configuration 10010990 f   sfc_debugmsvc80:sfcdebug.obj
 0001:0000f9d0       _sf_debug_store_current_state_configuration 100109d0 f   sfc_debugmsvc80:sfcdebug.obj
 0001:0000fa10       _sf_debug_restore_previous_state_configuration 10010a10 f   sfc_debugmsvc80:sfcdebug.obj
 0001:0000fa50       _sf_debug_restore_previous_state_configuration2 10010a50 f   sfc_debugmsvc80:sfcdebug.obj
 0001:0000fa90       _sf_debug_get_event_scope  10010a90 f   sfc_debugmsvc80:sfcdebug.obj
 0001:0000fbb0       _use_debugger_step_animation 10010bb0 f   sfc_debugmsvc80:sfcdebug.obj
 0001:0000fbd0       _sf_debug_get_script_id    10010bd0 f   sfc_debugmsvc80:sfcdebug.obj
 0001:0000fc60       _sf_debug_set_script_translation 10010c60 f   sfc_debugmsvc80:sfcdebug.obj
 0001:0000fcf0       _sf_debug_get_current_machine_id 10010cf0 f   sfc_debugmsvc80:sfcdebug.obj
 0001:0000fd10       _sf_debug_get_current_optional_integer 10010d10 f   sfc_debugmsvc80:sfcdebug.obj
 0001:0000fd20       _sf_debug_get_current_machine_number 10010d20 f   sfc_debugmsvc80:sfcdebug.obj
 0001:0000fd40       _sf_debug_get_current_machine_name 10010d40 f   sfc_debugmsvc80:sfcdebug.obj
 0001:0000fd60       _sf_debug_get_current_chart_id 10010d60 f   sfc_debugmsvc80:sfcdebug.obj
 0001:0000fd90       _sf_debug_get_current_chart_number 10010d90 f   sfc_debugmsvc80:sfcdebug.obj
 0001:0000fda0       _sf_debug_get_current_instance_number 10010da0 f   sfc_debugmsvc80:sfcdebug.obj
 0001:0000fdb0       _sf_debug_get_current_is_minor_time_step 10010db0 f   sfc_debugmsvc80:sfcdebug.obj
 0001:0000fe20       _sf_debug_get_current_object_type 10010e20 f   sfc_debugmsvc80:sfcdebug.obj
 0001:0000fe30       _sf_debug_get_current_instance_handle 10010e30 f   sfc_debugmsvc80:sfcdebug.obj
 0001:0000fe80       _sf_debug_get_current_event_type 10010e80 f   sfc_debugmsvc80:sfcdebug.obj
 0001:0000fe90       _sf_debug_get_current_object_id 10010e90 f   sfc_debugmsvc80:sfcdebug.obj
 0001:0000fec0       _sf_debug_get_current_active_event_type 10010ec0 f   sfc_debugmsvc80:sfcdebug.obj
 0001:0000fed0       _sf_debug_get_current_active_event_id 10010ed0 f   sfc_debugmsvc80:sfcdebug.obj
 0001:0000ff00       _sf_debug_get_current_tag_type 10010f00 f   sfc_debugmsvc80:sfcdebug.obj
 0001:0000ff10       _sf_debug_get_current_simulation_time 10010f10 f   sfc_debugmsvc80:sfcdebug.obj
 0001:0000ff20       _sf_debug_get_current_coverage_percentage 10010f20 f   sfc_debugmsvc80:sfcdebug.obj
 0001:0000ff30       _sf_debug_current_statement_context 10010f30 f   sfc_debugmsvc80:sfcdebug.obj
 0001:0000ffb0       _sf_debug_get_current_statement_info 10010fb0 f   sfc_debugmsvc80:sfcdebug.obj
 0001:000100f0       _sf_debug_terminate_instance 100110f0 f   sfc_debugmsvc80:sfcdebug.obj
 0001:00010370       _sf_debug_assertion_failed 10011370 f   sfc_debugmsvc80:sfcdebug.obj
 0001:00010540       _sf_debug_set_number_of_data_with_change_event_for_machine 10011540 f   sfc_debugmsvc80:sfcdebug.obj
 0001:00010580       _sf_debug_set_machine_event_thresholds 10011580 f   sfc_debugmsvc80:sfcdebug.obj
 0001:000105b0       _sf_debug_set_machine_event_scope 100115b0 f   sfc_debugmsvc80:sfcdebug.obj
 0001:000105f0       _sf_debug_set_machine_data_thresholds 100115f0 f   sfc_debugmsvc80:sfcdebug.obj
 0001:00010630       _sf_debug_set_machine_data_scope 10011630 f   sfc_debugmsvc80:sfcdebug.obj
 0001:000106b0       _sf_debug_set_machine_data_name 100116b0 f   sfc_debugmsvc80:sfcdebug.obj
 0001:00010700       _sf_debug_set_machine_data_size 10011700 f   sfc_debugmsvc80:sfcdebug.obj
 0001:000107f0       _sf_debug_set_machine_data_type 100117f0 f   sfc_debugmsvc80:sfcdebug.obj
 0001:00010910       _sf_debug_get_chart_data_number 10011910 f   sfc_debugmsvc80:sfcdebug.obj
 0001:00010940       _sf_debug_get_chart_event_number 10011940 f   sfc_debugmsvc80:sfcdebug.obj
 0001:00010970       _sf_debug_set_chart_state_info 10011970 f   sfc_debugmsvc80:sfcdebug.obj
 0001:000109f0       _sf_debug_set_chart_decomposition 100119f0 f   sfc_debugmsvc80:sfcdebug.obj
 0001:00010a60       _sf_debug_set_chart_substate_count 10011a60 f   sfc_debugmsvc80:sfcdebug.obj
 0001:00010b20       _sf_debug_set_chart_substate_index 10011b20 f   sfc_debugmsvc80:sfcdebug.obj
 0001:00010b90       _sf_debug_set_chart_state_substate_count 10011b90 f   sfc_debugmsvc80:sfcdebug.obj
 0001:00010c70       _sf_debug_set_chart_state_substate_index 10011c70 f   sfc_debugmsvc80:sfcdebug.obj
 0001:00010cf0       _sf_debug_set_number_of_data_with_change_event_for_chart 10011cf0 f   sfc_debugmsvc80:sfcdebug.obj
 0001:00010d70       _sf_debug_set_number_of_states_with_entry_event_for_chart 10011d70 f   sfc_debugmsvc80:sfcdebug.obj
 0001:00010de0       _sf_debug_set_number_of_states_with_exit_event_for_chart 10011de0 f   sfc_debugmsvc80:sfcdebug.obj
 0001:00010e50       _sf_debug_set_chart_disable_implicit_casting 10011e50 f   sfc_debugmsvc80:sfcdebug.obj
 0001:00010ec0       _sf_debug_set_chart_event_thresholds 10011ec0 f   sfc_debugmsvc80:sfcdebug.obj
 0001:00010f30       _sf_debug_set_chart_data_props 10011f30 f   sfc_debugmsvc80:sfcdebug.obj
 0001:000113a0       _sf_debug_symbol_scope_push 100123a0 f   sfc_debugmsvc80:sfcdebug.obj
 0001:000113e0       _sf_debug_symbol_scope_pop 100123e0 f   sfc_debugmsvc80:sfcdebug.obj
 0001:00011410       _sf_debug_symbol_scope_add 10012410 f   sfc_debugmsvc80:sfcdebug.obj
 0001:00011460       _sf_debug_symbol_scope_add_dyn 10012460 f   sfc_debugmsvc80:sfcdebug.obj
 0001:000114c0       _sf_debug_symbol_scope_add_verbose 100124c0 f   sfc_debugmsvc80:sfcdebug.obj
 0001:00011530       _sf_debug_set_machine_data_value_ptr 10012530 f   sfc_debugmsvc80:sfcdebug.obj
 0001:00011570       _sf_debug_set_instance_data_value_ptr 10012570 f   sfc_debugmsvc80:sfcdebug.obj
 0001:000115d0       _sf_debug_unset_instance_data_value_ptr 100125d0 f   sfc_debugmsvc80:sfcdebug.obj
 0001:00011620       _sf_debug_set_chart_event_scope 10012620 f   sfc_debugmsvc80:sfcdebug.obj
 0001:000116a0       _sf_debug_set_chart_transition_coverage_maps 100126a0 f   sfc_debugmsvc80:sfcdebug.obj
 0001:00011730       _sf_debug_set_chart_state_coverage_maps 10012730 f   sfc_debugmsvc80:sfcdebug.obj
 0001:000117b0       _sf_debug_set_instance_transition_coverage_weights 100127b0 f   sfc_debugmsvc80:sfcdebug.obj
 0001:00011820       _sf_debug_set_instance_state_coverage_weights 10012820 f   sfc_debugmsvc80:sfcdebug.obj
 0001:00011a20       _sf_debug_unload_machine   10012a20 f   sfc_debugmsvc80:sfcdebug.obj
 0001:00011a70       _sf_debug_load_machine     10012a70 f   sfc_debugmsvc80:sfcdebug.obj
 0001:00011b20       _sf_debug_set_active_instance_in_data_dictionary 10012b20 f   sfc_debugmsvc80:sfcdebug.obj
 0001:00011ca0       _sf_debug_set_active_instance 10012ca0 f   sfc_debugmsvc80:sfcdebug.obj
 0001:00011d90       _sf_debug_chart_visiblity_change 10012d90 f   sfc_debugmsvc80:sfcdebug.obj
 0001:00011e30       _sf_debug_select_chart     10012e30 f   sfc_debugmsvc80:sfcdebug.obj
 0001:00011ed0       _sf_debug_set_instance_cv_ids 10012ed0 f   sfc_debugmsvc80:sfcdebug.obj
 0001:00012070       _sf_debug_select_charts    10013070 f   sfc_debugmsvc80:sfcdebug.obj
 0001:00012150       _sf_debug_initialized      10013150 f   sfc_debugmsvc80:sfcdebug.obj
 0001:00012160       _sf_debug_is_uninterruptible 10013160 f   sfc_debugmsvc80:sfcdebug.obj
 0001:00012190       _sf_debug_initialize_debugger_gui 10013190 f   sfc_debugmsvc80:sfcdebug.obj
 0001:00012510       _sf_debug_resume           10013510 f   sfc_debugmsvc80:sfcdebug.obj
 0001:00012530       _sf_debug_go               10013530 f   sfc_debugmsvc80:sfcdebug.obj
 0001:00012540       _sf_debug_break            10013540 f   sfc_debugmsvc80:sfcdebug.obj
 0001:00012550       _sf_debug_step_over        10013550 f   sfc_debugmsvc80:sfcdebug.obj
 0001:00012560       _sf_debug_step_out         10013560 f   sfc_debugmsvc80:sfcdebug.obj
 0001:00012570       _sf_debug_set_disable_all_breakpoints 10013570 f   sfc_debugmsvc80:sfcdebug.obj
 0001:00012580       _sf_debug_disable_all_breakpoints_and_go 10013580 f   sfc_debugmsvc80:sfcdebug.obj
 0001:00012590       _sf_debug_break_on_chart_entry 10013590 f   sfc_debugmsvc80:sfcdebug.obj
 0001:000125a0       _sf_debug_break_on_event_broadcast 100135a0 f   sfc_debugmsvc80:sfcdebug.obj
 0001:000125b0       _sf_debug_break_on_state_entry 100135b0 f   sfc_debugmsvc80:sfcdebug.obj
 0001:000125c0       _sf_debug_break_between_times 100135c0 f   sfc_debugmsvc80:sfcdebug.obj
 0001:000125f0       _sf_debug_browse_data      100135f0 f   sfc_debugmsvc80:sfcdebug.obj
 0001:00012610       _sf_debug_watch_data       10013610 f   sfc_debugmsvc80:sfcdebug.obj
 0001:00012630       _sf_debug_whos             10013630 f   sfc_debugmsvc80:sfcdebug.obj
 0001:00012650       _sf_debug_get_consistency_info 10013650 f   sfc_debugmsvc80:sfcdebug.obj
 0001:00012670       _sf_debug_browse_trace     10013670 f   sfc_debugmsvc80:sfcdebug.obj
 0001:00012690       _sf_debug_set_breakpoints  10013690 f   sfc_debugmsvc80:sfcdebug.obj
 0001:00012750       _sf_debug_set_eml_breakpoints 10013750 f   sfc_debugmsvc80:sfcdebug.obj
 0001:00012860       _sf_debug_set_script_breakpoints 10013860 f   sfc_debugmsvc80:sfcdebug.obj
 0001:000128e0       _sf_debug_add_script_breakpoints 100138e0 f   sfc_debugmsvc80:sfcdebug.obj
 0001:00012950       _sf_debug_clear_script_breakpoints 10013950 f   sfc_debugmsvc80:sfcdebug.obj
 0001:000129c0       _sf_debug_query_script_breakpoints 100139c0 f   sfc_debugmsvc80:sfcdebug.obj
 0001:00012a60       _sf_debug_get_eml_script_id 10013a60 f   sfc_debugmsvc80:sfcdebug.obj
 0001:00012ab0       _sf_debug_set_watch        10013ab0 f   sfc_debugmsvc80:sfcdebug.obj
 0001:00012c50       _sf_debug_get_coverage     10013c50 f   sfc_debugmsvc80:sfcdebug.obj
 0001:00012c70       _sf_debug_get_instance_handle 10013c70 f   sfc_debugmsvc80:sfcdebug.obj
 0001:00012cf0       _sf_debug_get_active_states 10013cf0 f   sfc_debugmsvc80:sfcdebug.obj
 0001:00012d10       _sf_debug_get_animation    10013d10 f   sfc_debugmsvc80:sfcdebug.obj
 0001:00012d20       _sf_debug_set_animation    10013d20 f   sfc_debugmsvc80:sfcdebug.obj
 0001:00012d30       _sf_debug_animate          10013d30 f   sfc_debugmsvc80:sfcdebug.obj
 0001:00012d60       _sf_debug_cycle_detection_check 10013d60 f   sfc_debugmsvc80:sfcdebug.obj
 0001:00012d70       _sf_debug_data_range_check 10013d70 f   sfc_debugmsvc80:sfcdebug.obj
 0001:00012d80       _sf_debug_transition_conflict_check 10013d80 f   sfc_debugmsvc80:sfcdebug.obj
 0001:00012d90       _sf_debug_state_consistency_check 10013d90 f   sfc_debugmsvc80:sfcdebug.obj
 0001:00012da0       _sf_debug_data_range_check_enabled 10013da0 f   sfc_debugmsvc80:sfcdebug.obj
 0001:00012db0       _sf_debug_transition_conflict_check_enabled 10013db0 f   sfc_debugmsvc80:sfcdebug.obj
 0001:00012dc0       _sf_debug_transition_conflict_check_begin 10013dc0 f   sfc_debugmsvc80:sfcdebug.obj
 0001:00012de0       _sf_debug_transition_conflict_check_end 10013de0 f   sfc_debugmsvc80:sfcdebug.obj
 0001:00012e00       _sf_debug_stop_debugging   10013e00 f   sfc_debugmsvc80:sfcdebug.obj
 0001:00012e30       _sf_debug_is_cycle_detected 10013e30 f   sfc_debugmsvc80:sfcdebug.obj
 0001:00012e40       _sf_debug_is_array_bounds_detected 10013e40 f   sfc_debugmsvc80:sfcdebug.obj
 0001:00012e50       _sf_debug_get_state_vectors_data_size 10013e50 f   sfc_debugmsvc80:sfcdebug.obj
 0001:00012e90       _sf_debug_get_state_vectors_data 10013e90 f   sfc_debugmsvc80:sfcdebug.obj
 0001:00012f60       _sf_debug_set_state_vectors_data 10013f60 f   sfc_debugmsvc80:sfcdebug.obj
 0001:00013190       _sf_debug_get_script_index 10014190 f   sfc_debugmsvc80:sfcdebug.obj
 0001:000132c0       _sf_debug_add_script       100142c0 f   sfc_debugmsvc80:sfcdebug.obj
 0001:00013410       _cv_eval_point             10014410 f   sfc_debugmsvc80:sfcdebug.obj
 0001:000134e0       _sf_debug_cv_init_state    100144e0 f   sfc_debugmsvc80:sfcdebug.obj
 0001:00013570       _sf_debug_cv_init_chart    10014570 f   sfc_debugmsvc80:sfcdebug.obj
 0001:000135f0       _sf_debug_cv_init_trans    100145f0 f   sfc_debugmsvc80:sfcdebug.obj
 0001:000136d0       _cv_eml_init_script        100146d0 f   sfc_debugmsvc80:sfcdebug.obj
 0001:00013730       _cv_eml_init_fcn           10014730 f   sfc_debugmsvc80:sfcdebug.obj
 0001:00013790       _cv_eml_init_if            10014790 f   sfc_debugmsvc80:sfcdebug.obj
 0001:000137f0       _cv_eml_init_for           100147f0 f   sfc_debugmsvc80:sfcdebug.obj
 0001:00013850       _cv_eml_init_while         10014850 f   sfc_debugmsvc80:sfcdebug.obj
 0001:000138b0       _cv_eml_init_mcdc          100148b0 f   sfc_debugmsvc80:sfcdebug.obj
 0001:00013920       _cv_eml_init_switch        10014920 f   sfc_debugmsvc80:sfcdebug.obj
 0001:00013980       _cv_eml_eval               10014980 f   sfc_debugmsvc80:sfcdebug.obj
 0001:000139f0       _sf_debug_bm_is_a_eml_breakpoint 100149f0 f   sfc_debugmsvc80:sfcdebug.obj
 0001:00013b20       _sf_debug_temporal_threshold 10014b20 f   sfc_debugmsvc80:sfcdebug.obj
 0001:00013e10       _sf_debug_transition_conflict_error 10014e10 f   sfc_debugmsvc80:sfcdebug.obj
 0001:000140b0       _sf_debug_state_inconsistency_error 100150b0 f   sfc_debugmsvc80:sfcdebug.obj
 0001:000141a0       _sf_debug_check_for_state_inconsistency 100151a0 f   sfc_debugmsvc80:sfcdebug.obj
 0001:000141e0       _sf_debug_cycle_detecton_error 100151e0 f   sfc_debugmsvc80:sfcdebug.obj
 0001:00014820       _sf_debug_size_eq_check_1d 10015820 f   sfc_debugmsvc80:sfcdebug.obj
 0001:00014840       _sf_debug_size_eq_check_nd 10015840 f   sfc_debugmsvc80:sfcdebug.obj
 0001:00014920       _sf_debug_dim_size_eq_check 10015920 f   sfc_debugmsvc80:sfcdebug.obj
 0001:00014950       _sf_debug_dim_size_geq_check 10015950 f   sfc_debugmsvc80:sfcdebug.obj
 0001:00014980       _sf_debug_sub_assign_size_check_nd 10015980 f   sfc_debugmsvc80:sfcdebug.obj
 0001:00014aa0       _sf_debug_matrix_matrix_index_check 10015aa0 f   sfc_debugmsvc80:sfcdebug.obj
 0001:00014ad0       _sf_debug_data_array_bounds_error_check 10015ad0 f   sfc_debugmsvc80:sfcdebug.obj
 0001:00014b30       _sf_debug_eml_data_array_bounds_error_check 10015b30 f   sfc_debugmsvc80:sfcdebug.obj
 0001:00014e20       _sf_debug_integer_check    10015e20 f   sfc_debugmsvc80:sfcdebug.obj
 0001:00014ea0       _sf_debug_not_nan_check    10015ea0 f   sfc_debugmsvc80:sfcdebug.obj
 0001:00014ef0       _sf_debug_non_negative_check 10015ef0 f   sfc_debugmsvc80:sfcdebug.obj
 0001:00014f50       _sf_debug_overflow_detection 10015f50 f   sfc_debugmsvc80:sfcdebug.obj
 0001:00015470       _sf_debug_cast_to_real32_T 10016470 f   sfc_debugmsvc80:sfcdebug.obj
 0001:000154d0       _sf_debug_cast_to_int8_T   100164d0 f   sfc_debugmsvc80:sfcdebug.obj
 0001:00015550       _sf_debug_cast_to_uint8_T  10016550 f   sfc_debugmsvc80:sfcdebug.obj
 0001:000155e0       _sf_debug_cast_to_int16_T  100165e0 f   sfc_debugmsvc80:sfcdebug.obj
 0001:00015660       _sf_debug_cast_to_uint16_T 10016660 f   sfc_debugmsvc80:sfcdebug.obj
 0001:000156f0       _sf_debug_cast_to_int32_T  100166f0 f   sfc_debugmsvc80:sfcdebug.obj
 0001:00015760       _sf_debug_cast_to_uint32_T 10016760 f   sfc_debugmsvc80:sfcdebug.obj
 0001:000157f0       _sf_debug_data_range_error 100167f0 f   sfc_debugmsvc80:sfcdebug.obj
 0001:00015b70       _sf_debug_data_range_error_wrapper_min_max 10016b70 f   sfc_debugmsvc80:sfcdebug.obj
 0001:00015be0       _sf_debug_data_range_error_wrapper_min 10016be0 f   sfc_debugmsvc80:sfcdebug.obj
 0001:00015c40       _sf_debug_data_range_error_wrapper_max 10016c40 f   sfc_debugmsvc80:sfcdebug.obj
 0001:00015ca0       _sf_debug_data_range_wrapper 10016ca0 f   sfc_debugmsvc80:sfcdebug.obj
 0001:00015cf0       _sf_debug_set_current_status_info 10016cf0 f   sfc_debugmsvc80:sfcdebug.obj
 0001:00016050       _sf_debug_call             10017050 f   sfc_debugmsvc80:sfcdebug.obj
 0001:00016a40       _sf_debug_initialize_machine 10017a40 f   sfc_debugmsvc80:sfcdebug.obj
 0001:00016ce0       _sf_debug_initialize_chart 10017ce0 f   sfc_debugmsvc80:sfcdebug.obj
 0001:00017040       _sf_debug_ensure_script    10018040 f   sfc_debugmsvc80:sfcdebug.obj
 0001:000170f0       _cv_script_init_script     100180f0 f   sfc_debugmsvc80:sfcdebug.obj
 0001:00017150       _cv_script_init_fcn        10018150 f   sfc_debugmsvc80:sfcdebug.obj
 0001:000171a0       _cv_script_init_if         100181a0 f   sfc_debugmsvc80:sfcdebug.obj
 0001:000171f0       _cv_script_init_for        100181f0 f   sfc_debugmsvc80:sfcdebug.obj
 0001:00017240       _cv_script_init_while      10018240 f   sfc_debugmsvc80:sfcdebug.obj
 0001:00017290       _cv_script_init_mcdc       10018290 f   sfc_debugmsvc80:sfcdebug.obj
 0001:000172f0       _cv_script_init_switch     100182f0 f   sfc_debugmsvc80:sfcdebug.obj
 0001:00017350       _cv_script_eval            10018350 f   sfc_debugmsvc80:sfcdebug.obj
 0001:000173b0       _eml_debug_line_call       100183b0 f   sfc_debugmsvc80:sfcdebug.obj
 0001:000174b0       _sf_debug_terminate        100184b0 f   sfc_debugmsvc80:sfcdebug.obj
 0001:000175e0       _sf_debug_set_script_cv_ids 100185e0 f   sfc_debugmsvc80:sfcdebug.obj
 0001:000176f0       _sf_debug_api              100186f0 f   sfc_debugmsvc80:sfc_api.obj
 0001:00018eb0       _sf_debug_sm_terminate     10019eb0 f   sfc_debugmsvc80:sfdb_animation.obj
 0001:00019020       _sf_debug_reset_path_objects 1001a020 f   sfc_debugmsvc80:sfdb_animation.obj
 0001:00019090       _sf_debug_sm_reset_object_selection_status 1001a090 f   sfc_debugmsvc80:sfdb_animation.obj
 0001:00019130       _sf_debug_sm_reset_state_buffer 1001a130 f   sfc_debugmsvc80:sfdb_animation.obj
 0001:000191f0       _sf_debug_sm_store_state_buffer 1001a1f0 f   sfc_debugmsvc80:sfdb_animation.obj
 0001:00019270       _sf_debug_sm_restore_state_buffer1 1001a270 f   sfc_debugmsvc80:sfdb_animation.obj
 0001:000192d0       _sf_debug_sm_restore_state_buffer2 1001a2d0 f   sfc_debugmsvc80:sfdb_animation.obj
 0001:00019330       _sf_debug_sm_chart_active  1001a330 f   sfc_debugmsvc80:sfdb_animation.obj
 0001:00019380       _sf_debug_sm_select_active_objects 1001a380 f   sfc_debugmsvc80:sfdb_animation.obj
 0001:00019700       _sf_debug_sm_is_chart_active 1001a700 f   sfc_debugmsvc80:sfdb_animation.obj
 0001:00019740       _sf_debug_sm_is_state_active 1001a740 f   sfc_debugmsvc80:sfdb_animation.obj
 0001:000198f0       _sf_debug_sm_get_active_states 1001a8f0 f   sfc_debugmsvc80:sfdb_animation.obj
 0001:00019d20       _sf_debug_sm_initialize_instance 1001ad20 f   sfc_debugmsvc80:sfdb_animation.obj
 0001:00019f20       _sf_debug_sm_change_object_selection_status 1001af20 f   sfc_debugmsvc80:sfdb_animation.obj
 0001:0001a110       _cv_create_interface       1001b110 f   sfc_debugmsvc80:cv_sfinterface.obj
 0001:0001a420       _cv_init_trans             1001b420 f   sfc_debugmsvc80:cv_sfinterface.obj
 0001:0001a470       _cv_init_state             1001b470 f   sfc_debugmsvc80:cv_sfinterface.obj
 0001:0001a4d0       _cv_init_chart             1001b4d0 f   sfc_debugmsvc80:cv_sfinterface.obj
 0001:0001a520       _cv_dec_update_call        1001b520 f   sfc_debugmsvc80:cv_sfinterface.obj
 0001:0001a560       _cv_cond_update_call       1001b560 f   sfc_debugmsvc80:cv_sfinterface.obj
 0001:0001a5a0       _cv_sigrange_update        1001b5a0 f   sfc_debugmsvc80:cv_sfinterface.obj
 0001:0001a5f0       _cvsf_eml_eval             1001b5f0 f   sfc_debugmsvc80:cv_sfinterface.obj
 0001:0001a6c0       _cvsf_eml_init_script      1001b6c0 f   sfc_debugmsvc80:cv_sfinterface.obj
 0001:0001a720       _cvsf_eml_init_fcn         1001b720 f   sfc_debugmsvc80:cv_sfinterface.obj
 0001:0001a780       _cvsf_eml_init_if          1001b780 f   sfc_debugmsvc80:cv_sfinterface.obj
 0001:0001a7e0       _cvsf_eml_init_for         1001b7e0 f   sfc_debugmsvc80:cv_sfinterface.obj
 0001:0001a840       _cvsf_eml_init_while       1001b840 f   sfc_debugmsvc80:cv_sfinterface.obj
 0001:0001a8a0       _cvsf_eml_init_mcdc        1001b8a0 f   sfc_debugmsvc80:cv_sfinterface.obj
 0001:0001a910       _cvsf_eml_init_switch      1001b910 f   sfc_debugmsvc80:cv_sfinterface.obj
 0001:0001a970       _cvsf_script_eval          1001b970 f   sfc_debugmsvc80:cv_sfinterface.obj
 0001:0001aa40       _cvsf_script_init_script   1001ba40 f   sfc_debugmsvc80:cv_sfinterface.obj
 0001:0001aaa0       _cvsf_script_init_fcn      1001baa0 f   sfc_debugmsvc80:cv_sfinterface.obj
 0001:0001ab00       _cvsf_script_init_if       1001bb00 f   sfc_debugmsvc80:cv_sfinterface.obj
 0001:0001ab60       _cvsf_script_init_for      1001bb60 f   sfc_debugmsvc80:cv_sfinterface.obj
 0001:0001abb0       _cvsf_script_init_while    1001bbb0 f   sfc_debugmsvc80:cv_sfinterface.obj
 0001:0001ac00       _cvsf_script_init_mcdc     1001bc00 f   sfc_debugmsvc80:cv_sfinterface.obj
 0001:0001ac70       _cvsf_script_init_switch   1001bc70 f   sfc_debugmsvc80:cv_sfinterface.obj
 0001:0001acd0       _cv_destroy_interface      1001bcd0 f   sfc_debugmsvc80:cv_sfinterface.obj
 0001:0001acf0       _cv_create_instance_objects 1001bcf0 f   sfc_debugmsvc80:cv_sfinterface.obj
 0001:0001b030       _cv_is_enabled             1001c030 f   sfc_debugmsvc80:cv_sfinterface.obj
 0001:0001b040       _sf_debug_cv_initialize_script 1001c040 f   sfc_debugmsvc80:cv_sfinterface.obj
 0001:0001b1d0       _sf_debug_cv_initialize_instance 1001c1d0 f   sfc_debugmsvc80:cv_sfinterface.obj
 0001:0001b4d0       _sf_debug_cv_terminate_chart 1001c4d0 f   sfc_debugmsvc80:cv_sfinterface.obj
 0001:0001b5c0       _cv_call_trans_test        1001c5c0 f   sfc_debugmsvc80:cv_sfinterface.obj
 0001:0001b5d0       _cv_call_sub_cond_test     1001c5d0 f   sfc_debugmsvc80:cv_sfinterface.obj
 0001:0001b6e0       _sf_debug_hm_initialize_instance 1001c6e0 f   sfc_debugmsvc80:sfdb_handle_management.obj
 0001:0001b7f0       _sf_debug_hm_get_object_id 1001c7f0 f   sfc_debugmsvc80:sfdb_handle_management.obj
 0001:0001d210       _sf_debug_object_is_eml_function 1001e210 f   sfc_debugmsvc80:sfdb_handle_management.obj
 0001:0001d270       _sf_debug_hm_initialize_ids_in_machine 1001e270 f   sfc_debugmsvc80:sfdb_handle_management.obj
 0001:0001d3c0       _sf_debug_hm_initialize_ids_in_chart 1001e3c0 f   sfc_debugmsvc80:sfdb_handle_management.obj
 0001:0001d4e0       _sf_debug_hm_initialize_chart 1001e4e0 f   sfc_debugmsvc80:sfdb_handle_management.obj
 0001:0001ded0       _sf_debug_hm_terminate     1001eed0 f   sfc_debugmsvc80:sfdb_handle_management.obj
 0001:0001df30       _sf_debug_hm_initialize_machine 1001ef30 f   sfc_debugmsvc80:sfdb_handle_management.obj
 0001:0001e5a0       _sf_debug_st_initialize_machine 1001f5a0 f   sfc_debugmsvc80:sfdb_data_browse.obj
 0001:0001e650       _sf_debug_st_initialize_instance 1001f650 f   sfc_debugmsvc80:sfdb_data_browse.obj
 0001:0001e810       _sf_debug_st_terminate     1001f810 f   sfc_debugmsvc80:sfdb_data_browse.obj
 0001:0001e970       _sf_debug_st_set_data_value_ptr_in_machine 1001f970 f   sfc_debugmsvc80:sfdb_data_browse.obj
 0001:0001e9e0       _sf_debug_st_set_data_value_ptr_in_instance 1001f9e0 f   sfc_debugmsvc80:sfdb_data_browse.obj
 0001:0001ea90       _sf_debug_st_unset_data_value_ptr_in_machine 1001fa90 f   sfc_debugmsvc80:sfdb_data_browse.obj
 0001:0001eaf0       _sf_debug_st_unset_data_value_ptr_in_instance 1001faf0 f   sfc_debugmsvc80:sfdb_data_browse.obj
 0001:0001ee00       _sf_debug_mx_value         1001fe00 f   sfc_debugmsvc80:sfdb_data_browse.obj
 0001:0001ee50       _sf_debug_mx_packed_vector 1001fe50 f   sfc_debugmsvc80:sfdb_data_browse.obj
 0001:0001eef0       _sf_debug_mx_uint_vector   1001fef0 f   sfc_debugmsvc80:sfdb_data_browse.obj
 0001:0001ef70       _sf_debug_st_get_double_value_from_void_ptr_vector 1001ff70 f   sfc_debugmsvc80:sfdb_data_browse.obj
 0001:0001f7a0       _sf_debug_st_browse_data   100207a0 f   sfc_debugmsvc80:sfdb_data_browse.obj
 0001:0001fd70       _sf_debug_ss_initialize    10020d70 f   sfc_debugmsvc80:sfdb_symbol_scope.obj
 0001:0001fd90       _sf_debug_ss_terminate     10020d90 f   sfc_debugmsvc80:sfdb_symbol_scope.obj
 0001:0001fe10       _sf_debug_ss_push_symbol_scope 10020e10 f   sfc_debugmsvc80:sfdb_symbol_scope.obj
 0001:0001fee0       _sf_debug_ss_pop_symbol_scope 10020ee0 f   sfc_debugmsvc80:sfdb_symbol_scope.obj
 0001:0001ff70       _sf_debug_ss_add_symbol    10020f70 f   sfc_debugmsvc80:sfdb_symbol_scope.obj
 0001:000209b0       _sf_debug_ss_watch_data    100219b0 f   sfc_debugmsvc80:sfdb_symbol_scope.obj
 0001:000210f0       _sf_debug_ss_whos          100220f0 f   sfc_debugmsvc80:sfdb_symbol_scope.obj
 0001:00021500       _sf_debug_cc_initialize_chart 10022500 f   sfc_debugmsvc80:sfdb_coverage.obj
 0001:00021ed0       _sf_debug_cc_initialize_instance 10022ed0 f   sfc_debugmsvc80:sfdb_coverage.obj
 0001:00022ae0       _sf_debug_cc_terminate     10023ae0 f   sfc_debugmsvc80:sfdb_coverage.obj
 0001:00022bb0       _sf_debug_cc_set_transition_maps 10023bb0 f   sfc_debugmsvc80:sfdb_coverage.obj
 0001:00022cb0       _sf_debug_cc_set_state_maps 10023cb0 f   sfc_debugmsvc80:sfdb_coverage.obj
 0001:00022d80       _sf_debug_cc_set_transition_weights 10023d80 f   sfc_debugmsvc80:sfdb_coverage.obj
 0001:00022fa0       _sf_debug_cc_set_state_weights 10023fa0 f   sfc_debugmsvc80:sfdb_coverage.obj
 0001:000231e0       _sf_debug_cc_mark_transition_guard 100241e0 f   sfc_debugmsvc80:sfdb_coverage.obj
 0001:00023260       _sf_debug_cc_mark_transition_trigger 10024260 f   sfc_debugmsvc80:sfdb_coverage.obj
 0001:000232e0       _sf_debug_cc_mark_transition_decision 100242e0 f   sfc_debugmsvc80:sfdb_coverage.obj
 0001:00023340       _sf_debug_cc_mark_transition_condition_action 10024340 f   sfc_debugmsvc80:sfdb_coverage.obj
 0001:00023390       _sf_debug_cc_mark_transition_transition_action 10024390 f   sfc_debugmsvc80:sfdb_coverage.obj
 0001:000233e0       _sf_debug_cc_mark_state_entry 100243e0 f   sfc_debugmsvc80:sfdb_coverage.obj
 0001:00023430       _sf_debug_cc_mark_state_during 10024430 f   sfc_debugmsvc80:sfdb_coverage.obj
 0001:00023480       _sf_debug_cc_mark_state_exit 10024480 f   sfc_debugmsvc80:sfdb_coverage.obj
 0001:00023a90       _sf_debug_cc_get_coverage  10024a90 f   sfc_debugmsvc80:sfdb_coverage.obj
 0001:00023f00       _sf_debug_bm_clear_script_breakpoints 10024f00 f   sfc_debugmsvc80:sfdb_breakpoints.obj
 0001:00023f40       _sf_debug_bm_set_script_breakpoint 10024f40 f   sfc_debugmsvc80:sfdb_breakpoints.obj
 0001:00023fb0       _sf_debug_bm_clear_single_script_breakpoint 10024fb0 f   sfc_debugmsvc80:sfdb_breakpoints.obj
 0001:00024020       _sf_debug_bm_query_script_breakpoint 10025020 f   sfc_debugmsvc80:sfdb_breakpoints.obj
 0001:00024070       _sf_debug_bm_initialize_scripts 10025070 f   sfc_debugmsvc80:sfdb_breakpoints.obj
 0001:00024610       _sf_debug_bm_terminate     10025610 f   sfc_debugmsvc80:sfdb_breakpoints.obj
 0001:000248d0       _sf_debug_bm_remove_all_breakpoints_in_machine 100258d0 f   sfc_debugmsvc80:sfdb_breakpoints.obj
 0001:00024920       _sf_debug_bm_remove_all_breakpoints_in_chart 10025920 f   sfc_debugmsvc80:sfdb_breakpoints.obj
 0001:00024a50       _sf_debug_bm_initialize_global_breakpoints 10025a50 f   sfc_debugmsvc80:sfdb_breakpoints.obj
 0001:00024c00       _sf_debug_bm_set_breakpoint 10025c00 f   sfc_debugmsvc80:sfdb_breakpoints.obj
 0001:00025170       _sf_debug_bm_set_eml_breakpoint 10026170 f   sfc_debugmsvc80:sfdb_breakpoints.obj
 0001:000251f0       _sf_debug_bm_initialize_machine_breakpoint_map 100261f0 f   sfc_debugmsvc80:sfdb_breakpoints.obj
 0001:00025590       _sf_debug_bm_is_a_breakpoint 10026590 f   sfc_debugmsvc80:sfdb_breakpoints.obj
 0001:00025a00       _sf_debug_bm_get_all_breakpoints_in_machine 10026a00 f   sfc_debugmsvc80:sfdb_breakpoints.obj
 0001:00025ca0       _sf_debug_bm_get_all_breakpoints_in_chart 10026ca0 f   sfc_debugmsvc80:sfdb_breakpoints.obj
 0001:000266d0       _sf_debug_bm_initialize_machine 100276d0 f   sfc_debugmsvc80:sfdb_breakpoints.obj
 0001:00026770       _sf_debug_bm_initialize_chart 10027770 f   sfc_debugmsvc80:sfdb_breakpoints.obj
 0001:00026b00       _sf_debug_sc_terminate     10027b00 f   sfc_debugmsvc80:sfdb_state_consistency.obj
 0001:00026d80       _sf_debug_sc_is_chart_consistent 10027d80 f   sfc_debugmsvc80:sfdb_state_consistency.obj
 0001:00026f60       _sf_debug_sc_get_consistency_error_info 10027f60 f   sfc_debugmsvc80:sfdb_state_consistency.obj
 0001:000272c0       _sf_debug_tm_terminate     100282c0 f   sfc_debugmsvc80:sfdb_call_stack.obj
 0001:00027360       _sf_debug_tm_push_chart_instance 10028360 f   sfc_debugmsvc80:sfdb_call_stack.obj
 0001:00027490       _sf_debug_tm_pop_chart_instance 10028490 f   sfc_debugmsvc80:sfdb_call_stack.obj
 0001:000274f0       _sf_debug_tm_push_trace_node 100284f0 f   sfc_debugmsvc80:sfdb_call_stack.obj
 0001:00027600       _sf_debug_tm_pop_trace_node 10028600 f   sfc_debugmsvc80:sfdb_call_stack.obj
 0001:00027680       _sf_debug_tm_get_current_global_trace_index 10028680 f   sfc_debugmsvc80:sfdb_call_stack.obj
 0001:000276a0       _sf_debug_tm_get_current_local_trace_index 100286a0 f   sfc_debugmsvc80:sfdb_call_stack.obj
 0001:000276d0       _sf_debug_tm_set_cycle_detected_flag 100286d0 f   sfc_debugmsvc80:sfdb_call_stack.obj
 0001:00027720       _sf_debug_tm_set_cycle_started_flag 10028720 f   sfc_debugmsvc80:sfdb_call_stack.obj
 0001:00027770       _sf_debug_tm_get_chart_number_from_stack 10028770 f   sfc_debugmsvc80:sfdb_call_stack.obj
 0001:00027910       _sf_debug_tm_browse_trace  10028910 f   sfc_debugmsvc80:sfdb_call_stack.obj
 0001:00027b80       _sf_debug_cd_initialize_instance 10028b80 f   sfc_debugmsvc80:sfdb_cycle_detection.obj
 0001:00027db0       _sf_debug_cd_mark_processed_transition_in_instance 10028db0 f   sfc_debugmsvc80:sfdb_cycle_detection.obj
 0001:00027e30       _sf_debug_cd_checksum_push 10028e30 f   sfc_debugmsvc80:sfdb_cycle_detection.obj
 0001:00028130       _sf_debug_cd_checksum_pop  10029130 f   sfc_debugmsvc80:sfdb_cycle_detection.obj
 0001:00028190       _sf_debug_cd_turn_off_cycle_detection 10029190 f   sfc_debugmsvc80:sfdb_cycle_detection.obj
 0001:000281e0       _sf_debug_cd_terminate     100291e0 f   sfc_debugmsvc80:sfdb_cycle_detection.obj
 0001:000283b0       _md5_initialize_state      100293b0 f   sfc_debugmsvc80:ckmd5.obj
 0001:00028c40       _md5_update_state          10029c40 f   sfc_debugmsvc80:ckmd5.obj
 0001:00028c60       _md5_get_hash              10029c60 f   sfc_debugmsvc80:ckmd5.obj
 0001:00028c80       _md5_get_hash_for_a_single_string 10029c80 f   sfc_debugmsvc80:ckmd5.obj
 0001:00028cea       _mxGetPr                   10029cea f   libmx:libmx.dll
 0001:00028cf0       _mxCreateDoubleScalar      10029cf0 f   libmx:libmx.dll
 0001:00028cf6       _mxSetField_730            10029cf6 f   libmx:libmx.dll
 0001:00028cfc       _mxCreateDoubleMatrix_730  10029cfc f   libmx:libmx.dll
 0001:00028d02       _mxCreateStructMatrix_730  10029d02 f   libmx:libmx.dll
 0001:00028d08       _mxGetNaN                  10029d08 f   libmx:libmx.dll
 0001:00028d0e       _mxIsNaN                   10029d0e f   libmx:libmx.dll
 0001:00028d14       _mxGetString_730           10029d14 f   libmx:libmx.dll
 0001:00028d1a       _mxIsChar                  10029d1a f   libmx:libmx.dll
 0001:00028d20       _mxCreateString            10029d20 f   libmx:libmx.dll
 0001:00028d26       _mxGetClassID              10029d26 f   libmx:libmx.dll
 0001:00028d2c       _mxIsNumeric               10029d2c f   libmx:libmx.dll
 0001:00028d32       _mxIsComplex               10029d32 f   libmx:libmx.dll
 0001:00028d38       _mxGetN                    10029d38 f   libmx:libmx.dll
 0001:00028d3e       _mxGetM                    10029d3e f   libmx:libmx.dll
 0001:00028d44       _mxCalloc                  10029d44 f   libmx:libmx.dll
 0001:00028d4a       _mxGetScalar               10029d4a f   libmx:libmx.dll
 0001:00028d50       _mxDestroyArray            10029d50 f   libmx:libmx.dll
 0001:00028d56       _mxDuplicateArray          10029d56 f   libmx:libmx.dll
 0001:00028d5c       _mxIsLogical               10029d5c f   libmx:libmx.dll
 0001:00028d62       _mxCreateDoubleMatrix_700  10029d62 f   libmx:libmx.dll
 0001:00028d68       _mxFree                    10029d68 f   libmx:libmx.dll
 0001:00028d6e       _mxArrayToString           10029d6e f   libmx:libmx.dll
 0001:00028d74       _mxCreateCellMatrix_700    10029d74 f   libmx:libmx.dll
 0001:00028d7a       _mxSetCell_700             10029d7a f   libmx:libmx.dll
 0001:00028d80       _mxGetCell_700             10029d80 f   libmx:libmx.dll
 0001:00028d86       _mxGetClassName            10029d86 f   libmx:libmx.dll
 0001:00028d8c       _mxGetString_700           10029d8c f   libmx:libmx.dll
 0001:00028d92       _mxSetField_700            10029d92 f   libmx:libmx.dll
 0001:00028d98       _mxAddField                10029d98 f   libmx:libmx.dll
 0001:00028d9e       _mxGetField_700            10029d9e f   libmx:libmx.dll
 0001:00028da4       _mxIsStruct                10029da4 f   libmx:libmx.dll
 0001:00028daa       _mxIsClass                 10029daa f   libmx:libmx.dll
 0001:00028db0       _mxGetLogicals             10029db0 f   libmx:libmx.dll
 0001:00028db6       _mxIsSparse                10029db6 f   libmx:libmx.dll
 0001:00028dbc       _mxSetFieldByNumber_700    10029dbc f   libmx:libmx.dll
 0001:00028dc2       _mxGetFieldByNumber_700    10029dc2 f   libmx:libmx.dll
 0001:00028dc8       _mxGetFieldNameByNumber    10029dc8 f   libmx:libmx.dll
 0001:00028dce       _mxGetNumberOfFields       10029dce f   libmx:libmx.dll
 0001:00028dd4       _mxCreateStructMatrix_700  10029dd4 f   libmx:libmx.dll
 0001:00028dda       _mxGetFieldNumber          10029dda f   libmx:libmx.dll
 0001:00028de0       _mxIsEmpty                 10029de0 f   libmx:libmx.dll
 0001:00028de6       _mxGetData                 10029de6 f   libmx:libmx.dll
 0001:00028dec       _mxGetImagData             10029dec f   libmx:libmx.dll
 0001:00028df2       _mxGetNumberOfElements     10029df2 f   libmx:libmx.dll
 0001:00028df8       _mxArrayClassIDName        10029df8 f   libmx:libmx.dll
 0001:00028dfe       _mxCreateNumericMatrix_700 10029dfe f   libmx:libmx.dll
 0001:00028e04       _mxCreateStructArray_700   10029e04 f   libmx:libmx.dll
 0001:00028e0a       _mxCalcSingleSubscript_700 10029e0a f   libmx:libmx.dll
 0001:00028e10       _mxGetDimensions_700       10029e10 f   libmx:libmx.dll
 0001:00028e16       _mxGetNumberOfDimensions_700 10029e16 f   libmx:libmx.dll
 0001:00028e1c       _mxCreateNumericArray_700  10029e1c f   libmx:libmx.dll
 0001:00028e22       _mxGetElementSize          10029e22 f   libmx:libmx.dll
 0001:00028e28       _mxIsLogicalScalarTrue     10029e28 f   libmx:libmx.dll
 0001:00028e2e       _mxCreateLogicalScalar     10029e2e f   libmx:libmx.dll
 0001:00028e34       _mexUnlock                 10029e34 f   libmex:libmex.dll
 0001:00028e3a       _mexIsLocked               10029e3a f   libmex:libmex.dll
 0001:00028e40       _mexWarnMsgTxt             10029e40 f   libmex:libmex.dll
 0001:00028e46       _mexCallMATLAB             10029e46 f   libmex:libmex.dll
 0001:00028e4c       _mexErrMsgTxt              10029e4c f   libmex:libmex.dll
 0001:00028e52       _mexSetTrapFlag            10029e52 f   libmex:libmex.dll
 0001:00028e58       _mexMakeArrayPersistent    10029e58 f   libmex:libmex.dll
 0001:00028e5e       _mexPutVariable            10029e5e f   libmex:libmex.dll
 0001:00028e64       _mexGetVariable            10029e64 f   libmex:libmex.dll
 0001:00028e6a       _mexLock                   10029e6a f   libmex:libmex.dll
 0001:00028e70       _mexMakeMemoryPersistent   10029e70 f   libmex:libmex.dll
 0001:00028e76       _mexFunctionName           10029e76 f   libmex:libmex.dll
 0001:00028e7c       _ssRegisterDataTypeFxpFSlopeFixExpBias 10029e7c f   libfixedpoint:libfixedpoint.dll
 0001:00028e82       _utVSNprintf               10029e82 f   libut:libut.dll
 0001:00028e88       _utCPUtime                 10029e88 f   libut:libut.dll
 0001:00028e8e       _utFree                    10029e8e f   libut:libut.dll
 0001:00028e94       _utMalloc                  10029e94 f   libut:libut.dll
 0001:00028e9a       _muDoubleScalarExp         10029e9a f   libmwmathutil:libmwmathutil.dll
 0001:00028ea0       _muDoubleScalarPower       10029ea0 f   libmwmathutil:libmwmathutil.dll
 0001:00028ea6       _emlrtCheckBuiltInR2009a   10029ea6 f   libemlrt:libemlrt.dll
 0001:00028eac       _emlrtCheckVsBuiltInR2009a 10029eac f   libemlrt:libemlrt.dll
 0001:00028eb2       _emlrtCheckEnumR2009a      10029eb2 f   libemlrt:libemlrt.dll
 0001:00028eb8       _emlrtCreateEnumR2009a     10029eb8 f   libemlrt:libemlrt.dll
 0001:00028ebe       _emlrtGetEnumElementR2009a 10029ebe f   libemlrt:libemlrt.dll
 0001:00028ec4       _emlrtGetEnumUnderlyingArrayR2009a 10029ec4 f   libemlrt:libemlrt.dll
 0001:00028eca       _emlrtIsEnumR2009a         10029eca f   libemlrt:libemlrt.dll
 0001:00028ed0       _strlen                    10029ed0 f   MSVCRT:MSVCR90.dll
 0001:00028ee0       _strcmp                    10029ee0 f   MSVCRT:MSVCR90.dll
 0001:00028ee6       @__security_check_cookie@4 10029ee6 f   MSVCRT:secchk.obj
 0001:00028ef6       _free                      10029ef6 f   MSVCRT:MSVCR90.dll
 0001:00028efc       _sprintf                   10029efc f   MSVCRT:MSVCR90.dll
 0001:00028f02       _malloc                    10029f02 f   MSVCRT:MSVCR90.dll
 0001:00028f08       _strcat                    10029f08 f   MSVCRT:MSVCR90.dll
 0001:00028f10       __ftol2_sse                10029f10 f   MSVCRT:ftol2.obj
 0001:00028f19       __ftol2_pentium4           10029f19 f   MSVCRT:ftol2.obj
 0001:00028f2c       __ftol2_sse_excpt          10029f2c f   MSVCRT:ftol2.obj
 0001:00028f46       __ftol2                    10029f46 f   MSVCRT:ftol2.obj
 0001:00028fbb       _NtCurrentTeb              10029fbb f i MSVCRT:crtdll.obj
 0001:00029011       __CRT_INIT@12              1002a011 f   MSVCRT:crtdll.obj
 0001:0002934d       __DllMainCRTStartup@12     1002a34d f   MSVCRT:crtdll.obj
 0001:00029370       _strncpy                   1002a370 f   MSVCRT:MSVCR90.dll
 0001:00029380       __alloca_probe             1002a380     MSVCRT:chkstk.obj
 0001:00029380       __chkstk                   1002a380 f   MSVCRT:chkstk.obj
 0001:000293ac       _longjmp                   1002a3ac f   MSVCRT:MSVCR90.dll
 0001:000293b2       _strncmp                   1002a3b2 f   MSVCRT:MSVCR90.dll
 0001:000293b8       _ceil                      1002a3b8 f   MSVCRT:MSVCR90.dll
 0001:000293be       _strrchr                   1002a3be f   MSVCRT:MSVCR90.dll
 0001:000293c4       _memcpy                    1002a3c4 f   MSVCRT:MSVCR90.dll
 0001:000293ca       __setjmp3                  1002a3ca f   MSVCRT:MSVCR90.dll
 0001:000293d0       _calloc                    1002a3d0 f   MSVCRT:MSVCR90.dll
 0001:000293d6       _realloc                   1002a3d6 f   MSVCRT:MSVCR90.dll
 0001:000293dc       _memset                    1002a3dc f   MSVCRT:MSVCR90.dll
 0001:000293e2       _ldexp                     1002a3e2 f   MSVCRT:MSVCR90.dll
 0001:000293e8       ___report_gsfailure        1002a3e8 f   MSVCRT:gs_report.obj
 0001:0002953e       __get_sse2_info            1002a53e f   MSVCRT:cpu_disp.obj
 0001:000295a0       ___sse2_available_init     1002a5a0 f   MSVCRT:cpu_disp.obj
 0001:000295ad       ___clean_type_info_names   1002a5ad f   MSVCRT:tncleanup.obj
 0001:000295b9       __onexit                   1002a5b9 f   MSVCRT:atonexit.obj
 0001:0002965e       _atexit                    1002a65e f   MSVCRT:atonexit.obj
 0001:00029675       __RTC_Initialize           1002a675 f   MSVCRT:_initsect_.obj
 0001:0002969b       __RTC_Terminate            1002a69b f   MSVCRT:_initsect_.obj
 0001:000296c2       __encode_pointer           1002a6c2 f   MSVCRT:MSVCR90.dll
 0001:000296c8       __malloc_crt               1002a6c8 f   MSVCRT:MSVCR90.dll
 0001:000296ce       __encoded_null             1002a6ce f   MSVCRT:MSVCR90.dll
 0001:000296d4       __decode_pointer           1002a6d4 f   MSVCRT:MSVCR90.dll
 0001:000296e0       __ValidateImageBase        1002a6e0 f   MSVCRT:pesect.obj
 0001:00029720       __FindPESection            1002a720 f   MSVCRT:pesect.obj
 0001:00029770       __IsNonwritableInCurrentImage 1002a770 f   MSVCRT:pesect.obj
 0001:0002982e       __initterm                 1002a82e f   MSVCRT:MSVCR90.dll
 0001:00029834       __initterm_e               1002a834 f   MSVCRT:MSVCR90.dll
 0001:0002983a       __amsg_exit                1002a83a f   MSVCRT:MSVCR90.dll
 0001:00029840       ___CppXcptFilter           1002a840 f   MSVCRT:MSVCR90.dll
 0001:00029846       _DllMain@12                1002a846 f   MSVCRT:dllmain.obj
 0001:0002986c       __SEH_prolog4              1002a86c f   MSVCRT:sehprolg4.obj
 0001:000298b1       __SEH_epilog4              1002a8b1 f   MSVCRT:sehprolg4.obj
 0001:000298c5       __except_handler4          1002a8c5 f   MSVCRT:chandler4gs.obj
 0001:000298ea       ___security_init_cookie    1002a8ea f   MSVCRT:gs_support.obj
 0001:00029980       __crt_debugger_hook        1002a980 f   MSVCRT:MSVCR90.dll
 0001:00029986       ___clean_type_info_names_internal 1002a986 f   MSVCRT:MSVCR90.dll
 0001:0002998c       __unlock                   1002a98c f   MSVCRT:MSVCR90.dll
 0001:00029992       ___dllonexit               1002a992 f   MSVCRT:MSVCR90.dll
 0001:00029998       __lock                     1002a998 f   MSVCRT:MSVCR90.dll
 0001:0002999e       __except_handler4_common   1002a99e f   MSVCRT:MSVCR90.dll
 0001:000299a4       _InterlockedExchange@8     1002a9a4 f   kernel32:KERNEL32.dll
 0001:000299aa       _Sleep@4                   1002a9aa f   kernel32:KERNEL32.dll
 0001:000299b0       _InterlockedCompareExchange@12 1002a9b0 f   kernel32:KERNEL32.dll
 0001:000299b6       _TerminateProcess@8        1002a9b6 f   kernel32:KERNEL32.dll
 0001:000299bc       _GetCurrentProcess@0       1002a9bc f   kernel32:KERNEL32.dll
 0001:000299c2       _UnhandledExceptionFilter@4 1002a9c2 f   kernel32:KERNEL32.dll
 0001:000299c8       _SetUnhandledExceptionFilter@4 1002a9c8 f   kernel32:KERNEL32.dll
 0001:000299ce       _IsDebuggerPresent@0       1002a9ce f   kernel32:KERNEL32.dll
 0001:000299d4       _DisableThreadLibraryCalls@4 1002a9d4 f   kernel32:KERNEL32.dll
 0001:000299da       _QueryPerformanceCounter@4 1002a9da f   kernel32:KERNEL32.dll
 0001:000299e0       _GetTickCount@0            1002a9e0 f   kernel32:KERNEL32.dll
 0001:000299e6       _GetCurrentThreadId@0      1002a9e6 f   kernel32:KERNEL32.dll
 0001:000299ec       _GetCurrentProcessId@0     1002a9ec f   kernel32:KERNEL32.dll
 0001:000299f2       _GetSystemTimeAsFileTime@4 1002a9f2 f   kernel32:KERNEL32.dll
 0002:00000000       __imp__GetSystemTimeAsFileTime@4 1002b000     kernel32:KERNEL32.dll
 0002:00000004       __imp__GetCurrentProcessId@0 1002b004     kernel32:KERNEL32.dll
 0002:00000008       __imp__GetCurrentThreadId@0 1002b008     kernel32:KERNEL32.dll
 0002:0000000c       __imp__GetTickCount@0      1002b00c     kernel32:KERNEL32.dll
 0002:00000010       __imp__QueryPerformanceCounter@4 1002b010     kernel32:KERNEL32.dll
 0002:00000014       __imp__DisableThreadLibraryCalls@4 1002b014     kernel32:KERNEL32.dll
 0002:00000018       __imp__IsDebuggerPresent@0 1002b018     kernel32:KERNEL32.dll
 0002:0000001c       __imp__SetUnhandledExceptionFilter@4 1002b01c     kernel32:KERNEL32.dll
 0002:00000020       __imp__UnhandledExceptionFilter@4 1002b020     kernel32:KERNEL32.dll
 0002:00000024       __imp__GetCurrentProcess@0 1002b024     kernel32:KERNEL32.dll
 0002:00000028       __imp__TerminateProcess@8  1002b028     kernel32:KERNEL32.dll
 0002:0000002c       __imp__InterlockedCompareExchange@12 1002b02c     kernel32:KERNEL32.dll
 0002:00000030       __imp__Sleep@4             1002b030     kernel32:KERNEL32.dll
 0002:00000034       __imp__InterlockedExchange@8 1002b034     kernel32:KERNEL32.dll
 0002:00000038       \177KERNEL32_NULL_THUNK_DATA 1002b038     kernel32:KERNEL32.dll
 0002:0000003c       __imp___except_handler4_common 1002b03c     MSVCRT:MSVCR90.dll
 0002:00000040       __imp___onexit             1002b040     MSVCRT:MSVCR90.dll
 0002:00000044       __imp___lock               1002b044     MSVCRT:MSVCR90.dll
 0002:00000048       __imp____dllonexit         1002b048     MSVCRT:MSVCR90.dll
 0002:0000004c       __imp___unlock             1002b04c     MSVCRT:MSVCR90.dll
 0002:00000050       __imp____clean_type_info_names_internal 1002b050     MSVCRT:MSVCR90.dll
 0002:00000054       __imp___crt_debugger_hook  1002b054     MSVCRT:MSVCR90.dll
 0002:00000058       __imp____CppXcptFilter     1002b058     MSVCRT:MSVCR90.dll
 0002:0000005c       __imp___adjust_fdiv        1002b05c     MSVCRT:MSVCR90.dll
 0002:00000060       __imp___amsg_exit          1002b060     MSVCRT:MSVCR90.dll
 0002:00000064       __imp___initterm_e         1002b064     MSVCRT:MSVCR90.dll
 0002:00000068       __imp___initterm           1002b068     MSVCRT:MSVCR90.dll
 0002:0000006c       __imp___decode_pointer     1002b06c     MSVCRT:MSVCR90.dll
 0002:00000070       __imp___encoded_null       1002b070     MSVCRT:MSVCR90.dll
 0002:00000074       __imp___malloc_crt         1002b074     MSVCRT:MSVCR90.dll
 0002:00000078       __imp___encode_pointer     1002b078     MSVCRT:MSVCR90.dll
 0002:0000007c       __imp__ldexp               1002b07c     MSVCRT:MSVCR90.dll
 0002:00000080       __imp__memset              1002b080     MSVCRT:MSVCR90.dll
 0002:00000084       __imp__realloc             1002b084     MSVCRT:MSVCR90.dll
 0002:00000088       __imp__calloc              1002b088     MSVCRT:MSVCR90.dll
 0002:0000008c       __imp___setjmp3            1002b08c     MSVCRT:MSVCR90.dll
 0002:00000090       __imp__memcpy              1002b090     MSVCRT:MSVCR90.dll
 0002:00000094       __imp__strrchr             1002b094     MSVCRT:MSVCR90.dll
 0002:00000098       __imp__ceil                1002b098     MSVCRT:MSVCR90.dll
 0002:0000009c       __imp__strncmp             1002b09c     MSVCRT:MSVCR90.dll
 0002:000000a0       __imp__longjmp             1002b0a0     MSVCRT:MSVCR90.dll
 0002:000000a4       __imp__strncpy             1002b0a4     MSVCRT:MSVCR90.dll
 0002:000000a8       __imp__strcat              1002b0a8     MSVCRT:MSVCR90.dll
 0002:000000ac       __imp__malloc              1002b0ac     MSVCRT:MSVCR90.dll
 0002:000000b0       __imp__sprintf             1002b0b0     MSVCRT:MSVCR90.dll
 0002:000000b4       __imp__free                1002b0b4     MSVCRT:MSVCR90.dll
 0002:000000b8       __imp__strcmp              1002b0b8     MSVCRT:MSVCR90.dll
 0002:000000bc       __imp__strlen              1002b0bc     MSVCRT:MSVCR90.dll
 0002:000000c0       \177MSVCR90_NULL_THUNK_DATA 1002b0c0     MSVCRT:MSVCR90.dll
 0002:000000c4       __imp__emlrtIsEnumR2009a   1002b0c4     libemlrt:libemlrt.dll
 0002:000000c8       __imp__emlrtGetEnumUnderlyingArrayR2009a 1002b0c8     libemlrt:libemlrt.dll
 0002:000000cc       __imp__emlrtGetEnumElementR2009a 1002b0cc     libemlrt:libemlrt.dll
 0002:000000d0       __imp__emlrtCreateEnumR2009a 1002b0d0     libemlrt:libemlrt.dll
 0002:000000d4       __imp__emlrtCheckEnumR2009a 1002b0d4     libemlrt:libemlrt.dll
 0002:000000d8       __imp__emlrtCheckVsBuiltInR2009a 1002b0d8     libemlrt:libemlrt.dll
 0002:000000dc       __imp__emlrtCheckBuiltInR2009a 1002b0dc     libemlrt:libemlrt.dll
 0002:000000e0       \177libemlrt_NULL_THUNK_DATA 1002b0e0     libemlrt:libemlrt.dll
 0002:000000e4       __imp__ssRegisterDataTypeFxpFSlopeFixExpBias 1002b0e4     libfixedpoint:libfixedpoint.dll
 0002:000000e8       \177libfixedpoint_NULL_THUNK_DATA 1002b0e8     libfixedpoint:libfixedpoint.dll
 0002:000000ec       __imp__mexCallMATLAB       1002b0ec     libmex:libmex.dll
 0002:000000f0       __imp__mexUnlock           1002b0f0     libmex:libmex.dll
 0002:000000f4       __imp__mexSetTrapFlag      1002b0f4     libmex:libmex.dll
 0002:000000f8       __imp__mexMakeArrayPersistent 1002b0f8     libmex:libmex.dll
 0002:000000fc       __imp__mexWarnMsgTxt       1002b0fc     libmex:libmex.dll
 0002:00000100       __imp__mexGetVariable      1002b100     libmex:libmex.dll
 0002:00000104       __imp__mexLock             1002b104     libmex:libmex.dll
 0002:00000108       __imp__mexMakeMemoryPersistent 1002b108     libmex:libmex.dll
 0002:0000010c       __imp__mexFunctionName     1002b10c     libmex:libmex.dll
 0002:00000110       __imp__mexPutVariable      1002b110     libmex:libmex.dll
 0002:00000114       __imp__mexIsLocked         1002b114     libmex:libmex.dll
 0002:00000118       __imp__mexErrMsgTxt        1002b118     libmex:libmex.dll
 0002:0000011c       \177libmex_NULL_THUNK_DATA 1002b11c     libmex:libmex.dll
 0002:00000120       __imp__muDoubleScalarPower 1002b120     libmwmathutil:libmwmathutil.dll
 0002:00000124       __imp__muDoubleScalarExp   1002b124     libmwmathutil:libmwmathutil.dll
 0002:00000128       \177libmwmathutil_NULL_THUNK_DATA 1002b128     libmwmathutil:libmwmathutil.dll
 0002:0000012c       __imp__mxCreateDoubleMatrix_730 1002b12c     libmx:libmx.dll
 0002:00000130       __imp__mxSetField_730      1002b130     libmx:libmx.dll
 0002:00000134       __imp__mxCreateDoubleScalar 1002b134     libmx:libmx.dll
 0002:00000138       __imp__mxIsStruct          1002b138     libmx:libmx.dll
 0002:0000013c       __imp__mxCreateStructMatrix_730 1002b13c     libmx:libmx.dll
 0002:00000140       __imp__mxCreateLogicalScalar 1002b140     libmx:libmx.dll
 0002:00000144       __imp__mxIsLogicalScalarTrue 1002b144     libmx:libmx.dll
 0002:00000148       __imp__mxGetElementSize    1002b148     libmx:libmx.dll
 0002:0000014c       __imp__mxCreateNumericArray_700 1002b14c     libmx:libmx.dll
 0002:00000150       __imp__mxGetNumberOfDimensions_700 1002b150     libmx:libmx.dll
 0002:00000154       __imp__mxGetDimensions_700 1002b154     libmx:libmx.dll
 0002:00000158       __imp__mxCalcSingleSubscript_700 1002b158     libmx:libmx.dll
 0002:0000015c       __imp__mxCreateStructArray_700 1002b15c     libmx:libmx.dll
 0002:00000160       __imp__mxCreateNumericMatrix_700 1002b160     libmx:libmx.dll
 0002:00000164       __imp__mxArrayClassIDName  1002b164     libmx:libmx.dll
 0002:00000168       __imp__mxGetNumberOfElements 1002b168     libmx:libmx.dll
 0002:0000016c       __imp__mxGetImagData       1002b16c     libmx:libmx.dll
 0002:00000170       __imp__mxGetData           1002b170     libmx:libmx.dll
 0002:00000174       __imp__mxIsEmpty           1002b174     libmx:libmx.dll
 0002:00000178       __imp__mxGetFieldNumber    1002b178     libmx:libmx.dll
 0002:0000017c       __imp__mxCreateStructMatrix_700 1002b17c     libmx:libmx.dll
 0002:00000180       __imp__mxGetNumberOfFields 1002b180     libmx:libmx.dll
 0002:00000184       __imp__mxGetFieldNameByNumber 1002b184     libmx:libmx.dll
 0002:00000188       __imp__mxGetFieldByNumber_700 1002b188     libmx:libmx.dll
 0002:0000018c       __imp__mxSetFieldByNumber_700 1002b18c     libmx:libmx.dll
 0002:00000190       __imp__mxIsSparse          1002b190     libmx:libmx.dll
 0002:00000194       __imp__mxGetLogicals       1002b194     libmx:libmx.dll
 0002:00000198       __imp__mxIsClass           1002b198     libmx:libmx.dll
 0002:0000019c       __imp__mxGetPr             1002b19c     libmx:libmx.dll
 0002:000001a0       __imp__mxGetField_700      1002b1a0     libmx:libmx.dll
 0002:000001a4       __imp__mxAddField          1002b1a4     libmx:libmx.dll
 0002:000001a8       __imp__mxSetField_700      1002b1a8     libmx:libmx.dll
 0002:000001ac       __imp__mxGetString_700     1002b1ac     libmx:libmx.dll
 0002:000001b0       __imp__mxGetClassName      1002b1b0     libmx:libmx.dll
 0002:000001b4       __imp__mxGetCell_700       1002b1b4     libmx:libmx.dll
 0002:000001b8       __imp__mxSetCell_700       1002b1b8     libmx:libmx.dll
 0002:000001bc       __imp__mxCreateCellMatrix_700 1002b1bc     libmx:libmx.dll
 0002:000001c0       __imp__mxArrayToString     1002b1c0     libmx:libmx.dll
 0002:000001c4       __imp__mxFree              1002b1c4     libmx:libmx.dll
 0002:000001c8       __imp__mxCreateDoubleMatrix_700 1002b1c8     libmx:libmx.dll
 0002:000001cc       __imp__mxIsLogical         1002b1cc     libmx:libmx.dll
 0002:000001d0       __imp__mxDuplicateArray    1002b1d0     libmx:libmx.dll
 0002:000001d4       __imp__mxDestroyArray      1002b1d4     libmx:libmx.dll
 0002:000001d8       __imp__mxGetScalar         1002b1d8     libmx:libmx.dll
 0002:000001dc       __imp__mxCalloc            1002b1dc     libmx:libmx.dll
 0002:000001e0       __imp__mxGetM              1002b1e0     libmx:libmx.dll
 0002:000001e4       __imp__mxGetN              1002b1e4     libmx:libmx.dll
 0002:000001e8       __imp__mxIsComplex         1002b1e8     libmx:libmx.dll
 0002:000001ec       __imp__mxIsNumeric         1002b1ec     libmx:libmx.dll
 0002:000001f0       __imp__mxGetClassID        1002b1f0     libmx:libmx.dll
 0002:000001f4       __imp__mxCreateString      1002b1f4     libmx:libmx.dll
 0002:000001f8       __imp__mxIsChar            1002b1f8     libmx:libmx.dll
 0002:000001fc       __imp__mxGetString_730     1002b1fc     libmx:libmx.dll
 0002:00000200       __imp__mxIsNaN             1002b200     libmx:libmx.dll
 0002:00000204       __imp__mxGetNaN            1002b204     libmx:libmx.dll
 0002:00000208       \177libmx_NULL_THUNK_DATA  1002b208     libmx:libmx.dll
 0002:0000020c       __imp__utMalloc            1002b20c     libut:libut.dll
 0002:00000210       __imp__utFree              1002b210     libut:libut.dll
 0002:00000214       __imp__utCPUtime           1002b214     libut:libut.dll
 0002:00000218       __imp__utVSNprintf         1002b218     libut:libut.dll
 0002:0000021c       \177libut_NULL_THUNK_DATA  1002b21c     libut:libut.dll
 0002:00000220       ___xc_a                    1002b220     MSVCRT:cinitexe.obj
 0002:00000224       ___xc_z                    1002b224     MSVCRT:cinitexe.obj
 0002:00000228       ___xi_a                    1002b228     MSVCRT:cinitexe.obj
 0002:00000234       ___xi_z                    1002b234     MSVCRT:cinitexe.obj
 0002:00000238       __real@41d79a2f2b400000    1002b238     c2_BHclientT.obj
 0002:00000240       __real@41efdabd89000000    1002b240     c2_BHclientT.obj
 0002:00000248       __real@41d4862e20000000    1002b248     c2_BHclientT.obj
 0002:00000250       __real@4133519200000000    1002b250     c2_BHclientT.obj
 0002:00000258       __real@0000000000000000    1002b258     c2_BHclientT.obj
 0002:00000260       __real@4024000000000000    1002b260     c2_BHclientT.obj
 0002:00000268       __real@3ff0000000000000    1002b268     c2_BHclientT.obj
 0002:00000270       __real@41d75f58e7c00000    1002b270     c2_BHclientT.obj
 0002:00000278       __real@41d9064ac5c00000    1002b278     c2_BHclientT.obj
 0002:00000280       __real@41e2b487b7e00000    1002b280     c2_BHclientT.obj
 0002:00000288       __real@41cb253b09000000    1002b288     c2_BHclientT.obj
 0002:00000290       __real@4072c00000000000    1002b290     c2_BHclientT.obj
 0002:00000298       __real@bff0000000000000    1002b298     c2_BHclientT.obj
 0002:000002a0       __real@3fefea5680c943e5    1002b2a0     c2_BHclientT.obj
 0002:000002a8       __real@c010000000000000    1002b2a8     c2_BHclientT.obj
 0002:000002b0       __real@3fd999999999999a    1002b2b0     c2_BHclientT.obj
 0002:000002b8       __real@3fb999999999999a    1002b2b8     c2_BHclientT.obj
 0002:000002c0       __real@4010000000000000    1002b2c0     c2_BHclientT.obj
 0002:000002c8       __real@4000000000000000    1002b2c8     c2_BHclientT.obj
 0002:000002d0       _DYNAMIC_DIMENSION_DEF     1002b2d0     BHclientT_sfun_registry.obj
 0002:000002e0       __ssBadLevel2InputAccessMsg 1002b2e0     BHclientT_sfun_registry.obj
 0002:00000468       __ssBadLevel2DirectFeedMsg 1002b468     BHclientT_sfun_registry.obj
 0002:000005a8       __ssBadLevel2DirectFeedSolutionMsg 1002b5a8     BHclientT_sfun_registry.obj
 0002:00000618       __ssBadLevel2ZeroDirectFeedMsg 1002b618     BHclientT_sfun_registry.obj
 0002:00000758       __ssBadLevel2ZeroDirectFeedMsg2 1002b758     BHclientT_sfun_registry.obj
 0002:00000840       __real@4153d65940000000    1002b840     BHclientT_sfun_registry.obj
 0002:00000848       __real@41d9545cba400000    1002b848     BHclientT_sfun.obj
 0002:00000850       __real@41ed9a209c200000    1002b850     BHclientT_sfun.obj
 0002:00000858       __real@41e8ebdb51a00000    1002b858     BHclientT_sfun.obj
 0002:00000860       __real@41b1af2f5e000000    1002b860     BHclientT_sfun.obj
 0002:00000868       __real@41b141fb39000000    1002b868     BHclientT_sfun.obj
 0002:00000870       __real@41c7e0c688800000    1002b870     BHclientT_sfun.obj
 0002:00000878       __real@41e42bbcff400000    1002b878     BHclientT_sfun.obj
 0002:00000880       __real@41d1ec62d8400000    1002b880     BHclientT_sfun.obj
 0002:00000888       __real@41ed671e03e00000    1002b888     BHclientT_sfun.obj
 0002:00000890       __real@41e027600be00000    1002b890     BHclientT_sfun.obj
 0002:00000898       __real@41c0db94d1800000    1002b898     BHclientT_sfun.obj
 0002:000008a0       __real@41eab6a239000000    1002b8a0     BHclientT_sfun.obj
 0002:000008a8       __real@41d32f09dac00000    1002b8a8     BHclientT_sfun.obj
 0002:000008b0       __real@41ea5e90ce800000    1002b8b0     BHclientT_sfun.obj
 0002:000008b8       __real@41ed8262de000000    1002b8b8     BHclientT_sfun.obj
 0002:000008c0       __real@41a987dfda000000    1002b8c0     BHclientT_sfun.obj
 0002:000008c8       ??_C@_05DGLCPCBN@?$CFsx?$CFd?$AA@ 1002b8c8     sfc_mexmsvc80:sfc_mex.obj
 0002:000008d0       ??_C@_02DPKJAMEF@?$CFd?$AA@ 1002b8d0     sfc_mexmsvc80:sfc_mex.obj
 0002:000008d8       __real@41f0000000000000    1002b8d8     sfc_mexmsvc80:sfc_mex.obj
 0002:000008e0       ??_C@_0CC@DJOAOECF@Unknown?5MATLAB?5error?5encountered@ 1002b8e0     sfc_mexmsvc80:sfc_mex.obj
 0002:00000904       ??_C@_0CJ@DAIIKGLI@?$CFs?5in?5?$CFs?5should?5never?5be?5called?5@ 1002b904     sfc_mexmsvc80:sfc_mex.obj
 0002:00000930       ??_C@_0CE@ICKLNELB@Error?5calling?5MATLAB?5function?5?8?$CF@ 1002b930     sfc_mexmsvc80:sfc_mex.obj
 0002:00000954       ??_C@_02DKCKIIND@?$CFs?$AA@ 1002b954     sfc_mexmsvc80:sfc_mex.obj
 0002:00000958       ??_C@_07PHDIELCI@lasterr?$AA@ 1002b958     sfc_mexmsvc80:sfc_mex.obj
 0002:00000960       ??_C@_09HKCBALOK@embedded?4?$AA@ 1002b960     sfc_mexmsvc80:sfc_mex.obj
 0002:0000096c       ??_C@_06BNJCAIGJ@double?$AA@ 1002b96c     sfc_mexmsvc80:sfc_mex.obj
 0002:00000974       ??_C@_06EJFMBPJF@single?$AA@ 1002b974     sfc_mexmsvc80:sfc_mex.obj
 0002:0000097c       ??_C@_04KBDJOJNB@?$FL?$CFd?$FN?$AA@ 1002b97c     sfc_mexmsvc80:sfc_mex.obj
 0002:00000984       ??_C@_02GFKODMMF@sf?$AA@   1002b984     sfc_mexmsvc80:sfc_mex.obj
 0002:00000988       ??_C@_0BB@JLLBCJEJ@getMappedDsmName?$AA@ 1002b988     sfc_mexmsvc80:sfc_mex.obj
 0002:0000099c       ??_C@_0N@KIOOFCOP@subchart_man?$AA@ 1002b99c     sfc_mexmsvc80:sfc_mex.obj
 0002:000009ac       ??_C@_07CFINJGKH@Private?$AA@ 1002b9ac     sfc_mexmsvc80:sfc_mex.obj
 0002:000009b4       ??_C@_00CNPNBAHC@?$AA@     1002b9b4     sfc_mexmsvc80:sfc_mex.obj
 0002:000009b8       ??_C@_0CD@NFPEPNBJ@Cannot?5add?5field?5?$CFs?5to?5struct?5?$CFs@ 1002b9b8     sfc_mexmsvc80:sfc_mex.obj
 0002:000009dc       ??_C@_0CF@PLDCCEBG@Cannot?5get?5field?5?$CFs?5from?5struct?5@ 1002b9dc     sfc_mexmsvc80:sfc_mex.obj
 0002:00000a04       ??_C@_0DF@IPGEGIDM@Object?5?8?$CFs?8?5is?5not?5a?5struct?3?5can@ 1002ba04     sfc_mexmsvc80:sfc_mex.obj
 0002:00000a3c       ??_C@_0BL@KEKJNNL@MATLAB?5expression?5?8?$CFs?8?5?$CFs?4?$AA@ 1002ba3c     sfc_mexmsvc80:sfc_mex.obj
 0002:00000a58       ??_C@_0GH@JOEOEBFA@Size?5mismatch?5for?5?8?$CFs?8?5on?5dimens@ 1002ba58     sfc_mexmsvc80:sfc_mex.obj
 0002:00000ac0       ??_C@_04IAGNFIBA@size?$AA@ 1002bac0     sfc_mexmsvc80:sfc_mex.obj
 0002:00000ac8       ??_C@_0DN@DNLDLJNN@is?5not?5of?5the?5correct?5class?3?5exp@ 1002bac8     sfc_mexmsvc80:sfc_mex.obj
 0002:00000b08       ??_C@_06POLMGHPK@isreal?$AA@ 1002bb08     sfc_mexmsvc80:sfc_mex.obj
 0002:00000b10       ??_C@_0CC@EDDDCJDC@is?5not?5of?5the?5correct?5complexnes@ 1002bb10     sfc_mexmsvc80:sfc_mex.obj
 0002:00000b34       ??_C@_0CB@POBCEEOP@is?5not?5of?5the?5correct?5sparseness@ 1002bb34     sfc_mexmsvc80:sfc_mex.obj
 0002:00000b58       ??_C@_0CC@JOFDGEBC@is?5not?5of?5the?5correct?5numerictyp@ 1002bb58     sfc_mexmsvc80:sfc_mex.obj
 0002:00000b7c       ??_C@_07MIMONDDE@isequal?$AA@ 1002bb7c     sfc_mexmsvc80:sfc_mex.obj
 0002:00000b84       ??_C@_0M@NAPEIPJI@numerictype?$AA@ 1002bb84     sfc_mexmsvc80:sfc_mex.obj
 0002:00000b90       ??_C@_0BN@IMIABIKK@is?5not?5of?5the?5correct?5fimath?$AA@ 1002bb90     sfc_mexmsvc80:sfc_mex.obj
 0002:00000bb0       ??_C@_06LJOKAFHF@fimath?$AA@ 1002bbb0     sfc_mexmsvc80:sfc_mex.obj
 0002:00000bb8       ??_C@_0EP@IAFBLFNF@Stateflow?5Internal?5Error?3?5?6Error@ 1002bbb8     sfc_mexmsvc80:sfc_mex.obj
 0002:00000c08       ??_C@_08MJJBNONC@mxDecode?$AA@ 1002bc08     sfc_mexmsvc80:sfc_mex.obj
 0002:00000c18       ??_C@_0GH@OOBFJADG@Simulation?5stopped?5due?5to?5out?5of@ 1002bc18     sfc_mexmsvc80:sfc_mex.obj
 0002:00000c80       ??_C@_0HC@JODLBNFO@Simulation?5stopped?5due?5to?5size?5m@ 1002bc80     sfc_mexmsvc80:sfc_mex.obj
[...]
 0001:00007660       _sf_error_append_debugger_context_if_available 10008660 f   sfc_mexmsvc80:sfc_mex.obj
 0001:00007700       _sf_mex_get_error_message_for_write 10008700 f   sfc_mexmsvc80:sfc_mex.obj
 0001:00007730       _replace_single_quotes_by_doubled_quotes 10008730 f   sfc_mexmsvc80:sfc_mex.obj
 0001:00007940       _sf_mex_get_formatted_error_string 10008940 f   sfc_mexmsvc80:sfc_mex.obj
 0001:00007c30       _sf_mex_destroy_array      10008c30 f   sfc_mexmsvc80:sfc_mex.obj
 0001:00007da0       _sfrtAddSize               10008da0 f   sfc_mexmsvc80:sfc_mex.obj
 0001:00007e50       _sfrtGenSizeString         10008e50 f   sfc_mexmsvc80:sfc_mex.obj
 0001:00007e80       _sfIsProperMatrix          10008e80 f   sfc_mexmsvc80:sfc_mex.obj
 0001:00007eb0       _sfIsRowVector             10008eb0 f   sfc_mexmsvc80:sfc_mex.obj
 0001:00008240       _sf_mex_err                10009240 f   sfc_mexmsvc80:sfc_mex.obj
 0001:00008250       _sf_error_dimension_out_of_bound 10009250 f   sfc_mexmsvc80:sfc_mex.obj
 0001:00008270       _sf_mex_check_and_set_actual_dimensions 10009270 f   sfc_mexmsvc80:sfc_mex.obj
 0001:00008b00       _size_mismatch_error       10009b00 f   sfc_mexmsvc80:sfc_mex.obj
 0001:00009170       _check_array_dimensions    1000a170 f   sfc_mexmsvc80:sfc_mex.obj
 0001:000091c0       _check_input_mxarray       1000a1c0 f   sfc_mexmsvc80:sfc_mex.obj
 0001:00009750       _sf_numeric_value_to_double 1000a750 f   sfc_mexmsvc80:sfc_mex.obj
 0001:00009790       _ml_generic_out_of_bounds_check 1000a790 f   sfc_mexmsvc80:sfc_mex.obj
 0001:00009880       _ml_get_element_value_from_array 1000a880 f   sfc_mexmsvc80:sfc_mex.obj
 0001:00009c30       __ml_generic_castability_check 1000ac30 f   sfc_mexmsvc80:sfc_mex.obj
 0001:0000a0f0       _ml_generic_castability_check 1000b0f0 f   sfc_mexmsvc80:sfc_mex.obj
 0001:0000a150       _ml_check_mx_array_for_single_castability 1000b150 f   sfc_mexmsvc80:sfc_mex.obj
 0001:0000a280       _ml_check_mx_array_for_logical_castability 1000b280 f   sfc_mexmsvc80:sfc_mex.obj
 0001:0000a2e0       _ml_check_mx_array_for_int8_castability 1000b2e0 f   sfc_mexmsvc80:sfc_mex.obj
 0001:0000a370       _ml_check_mx_array_for_uint8_castability 1000b370 f   sfc_mexmsvc80:sfc_mex.obj
 0001:0000a520       _ml_check_mx_array_for_int16_castability 1000b520 f   sfc_mexmsvc80:sfc_mex.obj
 0001:0000a6d0       _ml_check_mx_array_for_uint16_castability 1000b6d0 f   sfc_mexmsvc80:sfc_mex.obj
 0001:0000a9e0       _ml_check_mx_array_for_int32_castability 1000b9e0 f   sfc_mexmsvc80:sfc_mex.obj
 0001:0000acc0       _ml_check_mx_array_for_uint32_castability 1000bcc0 f   sfc_mexmsvc80:sfc_mex.obj
 0001:0000afd0       _ml_check_mx_array_for_castability 1000bfd0 f   sfc_mexmsvc80:sfc_mex.obj
 0001:0000b500       _set_data_value            1000c500 f   sfc_mexmsvc80:sfc_mex.obj
 0001:0000b9d0       _get_data_value            1000c9d0 f   sfc_mexmsvc80:sfc_mex.obj
 0001:0000bad0       _get_next_element_address  1000cad0 f   sfc_mexmsvc80:sfc_mex.obj
 0001:0000bb70       _sf_normalize_index        1000cb70 f   sfc_mexmsvc80:sfc_mex.obj
 0001:0000be00       _ml_array_index_bound_check 1000ce00 f   sfc_mexmsvc80:sfc_mex.obj
 0001:0000c6a0       _mx_value                  1000d6a0 f   sfc_mexmsvc80:sfc_mex.obj
 0001:0000c6f0       _sf_create_numeric_array   1000d6f0 f   sfc_mexmsvc80:sfc_mex.obj
 0001:0000c770       _sf_mex_assign_to_mx_array 1000d770 f   sfc_mexmsvc80:sfc_mex.obj
 0001:0000c9a0       _assign_from_mx_array      1000d9a0 f   sfc_mexmsvc80:sfc_mex.obj
 0001:0000d3b0       _get_machine_and_chart_file_number 1000e3b0 f   sfc_mexmsvc80:sfc_sf.obj
 0001:0000d470       _call_sf_machine_global_method_dispatcher 1000e470 f   sfc_mexmsvc80:sfc_sf.obj
 0001:0000d5d0       _mdl_zeroCrossings_processing 1000e5d0 f   sfc_mexmsvc80:sfc_sf.obj
 0001:0000d680       _mdl_derivatives_processing 1000e680 f   sfc_mexmsvc80:sfc_sf.obj
 0001:0000da60       _mdl_outputs_continuous_legacy 1000ea60 f   sfc_mexmsvc80:sfc_sf.obj
 0001:0000dae0       _mdl_outputs_processing    1000eae0 f   sfc_mexmsvc80:sfc_sf.obj
 0001:0000dd40       _mdl_enable_processing     1000ed40 f   sfc_mexmsvc80:sfc_sf.obj
 0001:0000ddf0       _mdl_disable_processing    1000edf0 f   sfc_mexmsvc80:sfc_sf.obj
 0001:0000e460       _write_symbol_mapping      1000f460 f   sfc_mexmsvc80:sfc_sf.obj
 0001:0000ea80       _sf_call_output_fcn_enable_disable 1000fa80 f   sfc_mexmsvc80:sfc_sf.obj
 0001:0000eca0       _set_dwork_information_from_mx_array 1000fca0 f   sfc_mexmsvc80:sfc_sf.obj
 0001:0000f5f0       _SNPRINTF_WRAPPER          100105f0 f   sfc_debugmsvc80:sfcdebug.obj
 0001:0000f610       _sf_debug_chart_instance_initialized_quick 10010610 f   sfc_debugmsvc80:sfcdebug.obj
 0001:0000f620       _sf_debug_chart_instance_initialized 10010620 f   sfc_debugmsvc80:sfcdebug.obj
 0001:0000f7a0       _sfrtAddSize               100107a0 f   sfc_debugmsvc80:sfcdebug.obj
 0001:0000f850       _sfrtGenSizeString         10010850 f   sfc_debugmsvc80:sfcdebug.obj
 0001:0000fcd0       _sf_debug_sim_status_listener 10010cd0 f   sfc_debugmsvc80:sfcdebug.obj
 0001:00010140       _sf_debug_form_mask_bits   10011140 f   sfc_debugmsvc80:sfcdebug.obj
 0001:00010180       _sf_debug_form_sf_data_type_offsets 10011180 f   sfc_debugmsvc80:sfcdebug.obj
 0001:00010210       _sf_debug_free_all         10011210 f   sfc_debugmsvc80:sfcdebug.obj
 0001:00010390       _sf_debug_append_debugger_context 10011390 f   sfc_debugmsvc80:sfcdebug.obj
 0001:00010670       _local_strdup              10011670 f   sfc_debugmsvc80:sfcdebug.obj
 0001:00011260       _sf_debug_em_terminate     10012260 f   sfc_debugmsvc80:sfcdebug.obj
 0001:000112a0       _sf_debug_push_eml_function 100122a0 f   sfc_debugmsvc80:sfcdebug.obj
 0001:00011330       _sf_debug_pop_eml_function 10012330 f   sfc_debugmsvc80:sfcdebug.obj
 0001:00011870       _sf_debug_get_machine_number_from_id_or_name 10012870 f   sfc_debugmsvc80:sfcdebug.obj
 0001:000119d0       _sf_debug_get_chart_number_from_id 100129d0 f   sfc_debugmsvc80:sfcdebug.obj
 0001:000122d0       _sf_debug_transfer_control_to_debugger_GUI 100132d0 f   sfc_debugmsvc80:sfcdebug.obj
 0001:00013030       _sf_debug_scripts_rehash   10014030 f   sfc_debugmsvc80:sfcdebug.obj
 0001:000131e0       _sf_debug_get_script_line_count 100141e0 f   sfc_debugmsvc80:sfcdebug.obj
 0001:00013680       _cv_eml_state_cvId         10014680 f   sfc_debugmsvc80:sfcdebug.obj
 0001:000142d0       _sf_debug_data_array_bounds_error 100152d0 f   sfc_debugmsvc80:sfcdebug.obj
 0001:000145e0       _sf_debug_runtime_error    100155e0 f   sfc_debugmsvc80:sfcdebug.obj
 0001:00014780       _sf_debug_matlab_error     10015780 f   sfc_debugmsvc80:sfcdebug.obj
 0001:00014bb0       _sf_debug_data_value_error 10015bb0 f   sfc_debugmsvc80:sfcdebug.obj
 0001:000151b0       _sf_debug_data_loss_error  100161b0 f   sfc_debugmsvc80:sfcdebug.obj
 0001:00015a70       _call_cv_range_check       10016a70 f   sfc_debugmsvc80:sfcdebug.obj
 0001:00015ff0       _sf_debug_invoke_cycle_detection_code 10016ff0 f   sfc_debugmsvc80:sfcdebug.obj
 0001:000169b0       _sf_reset_debug_info_struct 100179b0 f   sfc_debugmsvc80:sfcdebug.obj
 0001:00017080       _cv_script_cvId            10018080 f   sfc_debugmsvc80:sfcdebug.obj
 0001:00017820       _sfc_api_chart_visible     10018820 f   sfc_debugmsvc80:sfc_api.obj
 0001:000178d0       _sfc_api_active_instance   100188d0 f   sfc_debugmsvc80:sfc_api.obj
 0001:00017970       _sfc_api_machine_load      10018970 f   sfc_debugmsvc80:sfc_api.obj
 0001:00017a70       _sfc_api_debugger_alive    10018a70 f   sfc_debugmsvc80:sfc_api.obj
 0001:00017a80       _sfc_api_go                10018a80 f   sfc_debugmsvc80:sfc_api.obj
 0001:00017a90       _sfc_api_step_over         10018a90 f   sfc_debugmsvc80:sfc_api.obj
 0001:00017aa0       _sfc_api_step_out          10018aa0 f   sfc_debugmsvc80:sfc_api.obj
 0001:00017ab0       _sfc_api_resume            10018ab0 f   sfc_debugmsvc80:sfc_api.obj
 0001:00017ac0       _sfc_api_break             10018ac0 f   sfc_debugmsvc80:sfc_api.obj
 0001:00017ad0       _sfc_api_stop_debugging    10018ad0 f   sfc_debugmsvc80:sfc_api.obj
 0001:00017b20       _sfc_api_is_cycle_detected 10018b20 f   sfc_debugmsvc80:sfc_api.obj
 0001:00017b70       _sfc_api_is_array_bounds_detected 10018b70 f   sfc_debugmsvc80:sfc_api.obj
 0001:00017bc0       _sfc_api_set_disable_all_breakpoints 10018bc0 f   sfc_debugmsvc80:sfc_api.obj
 0001:00017c50       _sfc_api_disable_all_breakpoints_and_go 10018c50 f   sfc_debugmsvc80:sfc_api.obj
 0001:00017c60       _sfc_api_close             10018c60 f   sfc_debugmsvc80:sfc_api.obj
 0001:00017c70       _sfc_api_browse_data       10018c70 f   sfc_debugmsvc80:sfc_api.obj
 0001:00017cf0       _sfc_api_watch_data        10018cf0 f   sfc_debugmsvc80:sfc_api.obj
 0001:00017d60       _sfc_api_whos              10018d60 f   sfc_debugmsvc80:sfc_api.obj
 0001:00017dd0       _sfc_api_get_consistency_info 10018dd0 f   sfc_debugmsvc80:sfc_api.obj
 0001:00017df0       _sfc_api_browse_trace      10018df0 f   sfc_debugmsvc80:sfc_api.obj
 0001:00017e10       _sfc_api_break_on_chart_entry 10018e10 f   sfc_debugmsvc80:sfc_api.obj
 0001:00017e50       _sfc_api_break_on_event_broadcast 10018e50 f   sfc_debugmsvc80:sfc_api.obj
 0001:00017e90       _sfc_api_break_on_state_entry 10018e90 f   sfc_debugmsvc80:sfc_api.obj
 0001:00017ed0       _sfc_api_set_watch         10018ed0 f   sfc_debugmsvc80:sfc_api.obj
 0001:00017fb0       _sfc_api_set_breakpoints   10018fb0 f   sfc_debugmsvc80:sfc_api.obj
 0001:00018090       _sfc_api_set_eml_breakpoints 10019090 f   sfc_debugmsvc80:sfc_api.obj
 0001:00018140       _sfc_api_set_script_breakpoints 10019140 f   sfc_debugmsvc80:sfc_api.obj
 0001:000181a0       _sfc_api_add_script_breakpoints 100191a0 f   sfc_debugmsvc80:sfc_api.obj
 0001:00018200       _sfc_api_clear_script_breakpoints 10019200 f   sfc_debugmsvc80:sfc_api.obj
 0001:00018260       _sfc_api_query_script_breakpoints 10019260 f   sfc_debugmsvc80:sfc_api.obj
 0001:000182d0       _sfc_api_get_script_id     100192d0 f   sfc_debugmsvc80:sfc_api.obj
 0001:00018370       _sfc_api_get_active_states 10019370 f   sfc_debugmsvc80:sfc_api.obj
 0001:000183e0       _sfc_api_break_between_times 100193e0 f   sfc_debugmsvc80:sfc_api.obj
 0001:00018440       _sfc_api_get_instance_handle 10019440 f   sfc_debugmsvc80:sfc_api.obj
 0001:00018520       _sfc_api_get_coverage      10019520 f   sfc_debugmsvc80:sfc_api.obj
 0001:00018590       _sfc_api_set_animation     10019590 f   sfc_debugmsvc80:sfc_api.obj
 0001:000185f0       _sfc_api_select_chart      100195f0 f   sfc_debugmsvc80:sfc_api.obj
 0001:00018680       _sfc_api_select_charts     10019680 f   sfc_debugmsvc80:sfc_api.obj
 0001:000186b0       _sfc_api_cycle_detection_check 100196b0 f   sfc_debugmsvc80:sfc_api.obj
 0001:00018710       _sfc_api_data_range_check  10019710 f   sfc_debugmsvc80:sfc_api.obj
 0001:00018770       _sfc_api_transition_conflict_check 10019770 f   sfc_debugmsvc80:sfc_api.obj
 0001:000187d0       _sfc_api_state_consistency_check 100197d0 f   sfc_debugmsvc80:sfc_api.obj
 0001:00018830       _sfc_api_set_instance_cv_ids 10019830 f   sfc_debugmsvc80:sfc_api.obj
 0001:00018960       _sfc_api_set_script_cv_ids 10019960 f   sfc_debugmsvc80:sfc_api.obj
 0001:00018a00       _sfc_api_get_current_machine_id 10019a00 f   sfc_debugmsvc80:sfc_api.obj
 0001:00018a30       _sfc_api_get_current_machine_number 10019a30 f   sfc_debugmsvc80:sfc_api.obj
 0001:00018a60       _sfc_api_get_current_chart_number 10019a60 f   sfc_debugmsvc80:sfc_api.obj
 0001:00018a90       _sfc_api_get_current_instance_number 10019a90 f   sfc_debugmsvc80:sfc_api.obj
 0001:00018ac0       _sfc_api_get_current_instance_handle 10019ac0 f   sfc_debugmsvc80:sfc_api.obj
 0001:00018ae0       _sfc_api_get_current_is_minor_time_step 10019ae0 f   sfc_debugmsvc80:sfc_api.obj
 0001:00018b10       _sfc_api_get_current_machine_name 10019b10 f   sfc_debugmsvc80:sfc_api.obj
 0001:00018b30       _sfc_api_get_current_chart_id 10019b30 f   sfc_debugmsvc80:sfc_api.obj
 0001:00018b60       _sfc_api_get_current_object_type 10019b60 f   sfc_debugmsvc80:sfc_api.obj
 0001:00018b90       _sfc_api_get_current_event_type 10019b90 f   sfc_debugmsvc80:sfc_api.obj
 0001:00018bc0       _sfc_api_get_current_object_id 10019bc0 f   sfc_debugmsvc80:sfc_api.obj
 0001:00018bf0       _sfc_get_current_active_event_type 10019bf0 f   sfc_debugmsvc80:sfc_api.obj
 0001:00018c20       _sfc_api_get_current_active_event_id 10019c20 f   sfc_debugmsvc80:sfc_api.obj
 0001:00018c50       _sfc_api_get_current_simulation_time 10019c50 f   sfc_debugmsvc80:sfc_api.obj
 0001:00018c70       _sfc_get_current_tag_type  10019c70 f   sfc_debugmsvc80:sfc_api.obj
 0001:00018ca0       _sfc_get_current_coverage_percentage 10019ca0 f   sfc_debugmsvc80:sfc_api.obj
 0001:00018cc0       _sfc_get_current_statement_context 10019cc0 f   sfc_debugmsvc80:sfc_api.obj
 0001:00018ce0       _sfc_get_current_optional_integer 10019ce0 f   sfc_debugmsvc80:sfc_api.obj
 0001:00018d10       _sfc_get_current_statement_info 10019d10 f   sfc_debugmsvc80:sfc_api.obj
 0001:00018db0       _sfc_api_get               10019db0 f   sfc_debugmsvc80:sfc_api.obj
 0001:000197b0       _sf_debug_sm_fill_state_activity_data 1001a7b0 f   sfc_debugmsvc80:sfdb_animation.obj
 0001:0001b610       _sf_debug_hm_get_simulink_handle 1001c610 f   sfc_debugmsvc80:sfdb_handle_management.obj
 0001:0001bc00       _sf_debug_hm_initialize_globals 1001cc00 f   sfc_debugmsvc80:sfdb_handle_management.obj
 0001:0001bcf0       _sf_debug_hm_get_machine_debug_flag 1001ccf0 f   sfc_debugmsvc80:sfdb_handle_management.obj
 0001:0001be40       _sf_debug_hm_get_machine_id 1001ce40 f   sfc_debugmsvc80:sfdb_handle_management.obj
 0001:0001bf50       _sf_debug_hm_get_chart_id  1001cf50 f   sfc_debugmsvc80:sfdb_handle_management.obj
 0001:0001c0c0       _sf_debug_hm_register_executing_SFunction 1001d0c0 f   sfc_debugmsvc80:sfdb_handle_management.obj
 0001:0001c210       _sf_debug_hm_get_chart_active_instance 1001d210 f   sfc_debugmsvc80:sfdb_handle_management.obj
 0001:0001c340       _sf_debug_hm_get_chart_visibility 1001d340 f   sfc_debugmsvc80:sfdb_handle_management.obj
 0001:0001c480       _sf_debug_hm_form_object_boolean_properties 1001d480 f   sfc_debugmsvc80:sfdb_handle_management.obj
 0001:0001c6f0       _sf_debug_hm_form_object_properties 1001d6f0 f   sfc_debugmsvc80:sfdb_handle_management.obj
 0001:0001c8f0       _sf_debug_hm_terminate_charts 1001d8f0 f   sfc_debugmsvc80:sfdb_handle_management.obj
 0001:0001ce90       _sf_debug_hm_terminate_machines 1001de90 f   sfc_debugmsvc80:sfdb_handle_management.obj
 0001:0001e730       _void_ptr_stack_vector_free_total 1001f730 f   sfc_debugmsvc80:sfdb_data_browse.obj
 0001:0001e790       _sf_debug_st_terminate_machine 1001f790 f   sfc_debugmsvc80:sfdb_data_browse.obj
 0001:0001e7c0       _sf_debug_st_terminate_instance 1001f7c0 f   sfc_debugmsvc80:sfdb_data_browse.obj
 0001:0001e940       _push_on_to_void_ptr_stack 1001f940 f   sfc_debugmsvc80:sfdb_data_browse.obj
 0001:0001ea70       _pop_from_void_ptr_stack   1001fa70 f   sfc_debugmsvc80:sfdb_data_browse.obj
 0001:0001eb70       _sf_debug_st_get_data_value 1001fb70 f   sfc_debugmsvc80:sfdb_data_browse.obj
 0001:0001f010       _mx_value                  10020010 f   sfc_debugmsvc80:sfdb_data_browse.obj
 0001:0001f040       _sf_debug_st_fill_data_struct 10020040 f   sfc_debugmsvc80:sfdb_data_browse.obj
 0001:0001f300       _data_type_format_strings  10020300 f   sfc_debugmsvc80:sfdb_data_browse.obj
 0001:0001f370       _sf_debug_st_fill_data     10020370 f   sfc_debugmsvc80:sfdb_data_browse.obj
 0001:00020050       _sf_debug_ss_copy_dimension 10021050 f   sfc_debugmsvc80:sfdb_symbol_scope.obj
 0001:000200c0       _sf_debug_ss_get_number_elements 100210c0 f   sfc_debugmsvc80:sfdb_symbol_scope.obj
 0001:000200e0       _sf_debug_ss_fill_data_struct 100210e0 f   sfc_debugmsvc80:sfdb_symbol_scope.obj
 0001:000202d0       _sf_debug_ss_reset_data_info 100212d0 f   sfc_debugmsvc80:sfdb_symbol_scope.obj
 0001:00020310       _sf_debug_fill_data_info_by_symbol_scope_entry 10021310 f   sfc_debugmsvc80:sfdb_symbol_scope.obj
 0001:000203b0       _sf_debug_fill_data_info_by_data_vector 100213b0 f   sfc_debugmsvc80:sfdb_symbol_scope.obj
 0001:00020570       _sf_debug_ss_get_data_info 10021570 f   sfc_debugmsvc80:sfdb_symbol_scope.obj
 0001:00020740       _sf_debug_ss_get_data_value 10021740 f   sfc_debugmsvc80:sfdb_symbol_scope.obj
 0001:00020a30       _sf_debug_ss_data_bytes_string 10021a30 f   sfc_debugmsvc80:sfdb_symbol_scope.obj
 0001:00020aa0       _sf_debug_ss_data_class_string 10021aa0 f   sfc_debugmsvc80:sfdb_symbol_scope.obj
 0001:00020df0       _sf_debug_ss_data_size_string 10021df0 f   sfc_debugmsvc80:sfdb_symbol_scope.obj
 0001:00020eb0       _sf_debug_ss_data_create_data_info_struct 10021eb0 f   sfc_debugmsvc80:sfdb_symbol_scope.obj
 0001:00020fc0       _sf_debug_ss_data_create_name_value_pair 10021fc0 f   sfc_debugmsvc80:sfdb_symbol_scope.obj
 0001:00021020       _sf_debug_ss_data_get_whos_info 10022020 f   sfc_debugmsvc80:sfdb_symbol_scope.obj
 0001:00021050       _same_named_data_in_data_array 10022050 f   sfc_debugmsvc80:sfdb_symbol_scope.obj
 0001:00022490       _sf_debug_cc_terminate_chart 10023490 f   sfc_debugmsvc80:sfdb_coverage.obj
 0001:00022770       _sf_debug_cc_terminate_instance 10023770 f   sfc_debugmsvc80:sfdb_coverage.obj
 0001:00023180       _sf_debug_cc_mark_object_if_needed 10024180 f   sfc_debugmsvc80:sfdb_coverage.obj
 0001:000234d0       _sf_debug_cc_fill_transition_coverage_data 100244d0 f   sfc_debugmsvc80:sfdb_coverage.obj
 0001:00023600       _sf_debug_cc_fill_transition_coverage_map 10024600 f   sfc_debugmsvc80:sfdb_coverage.obj
 0001:000237e0       _sf_debug_cc_fill_state_coverage_map 100247e0 f   sfc_debugmsvc80:sfdb_coverage.obj
 0001:00023980       _sf_debug_cc_fill_state_coverage_data 10024980 f   sfc_debugmsvc80:sfdb_coverage.obj
 0001:00024330       _sf_debug_bm_initialize_eml 10025330 f   sfc_debugmsvc80:sfdb_breakpoints.obj
 0001:00025320       _sf_debug_bm_map_debug_tag_to_breakpoint_tag 10026320 f   sfc_debugmsvc80:sfdb_breakpoints.obj
 0001:000253c0       _sf_debug_bm_is_a_eml_breakpoint_impl 100263c0 f   sfc_debugmsvc80:sfdb_breakpoints.obj
 0001:000269b0       _sf_debug_sc_push_on_error_stack 100279b0 f   sfc_debugmsvc80:sfdb_state_consistency.obj
 0001:00026ac0       _sf_debug_sc_reset_error_stack 10027ac0 f   sfc_debugmsvc80:sfdb_state_consistency.obj
 0001:00026c10       _sf_debug_sc_is_state_inconsistent 10027c10 f   sfc_debugmsvc80:sfdb_state_consistency.obj
 0001:00026e30       _sf_debug_sc_fill_consistency_info 10027e30 f   sfc_debugmsvc80:sfdb_state_consistency.obj
 0001:000272b0       _void_assertion_fcn        100282b0 f   sfc_debugmsvc80:sfdb_call_stack.obj
 0001:000277a0       _sf_debug_tm_fill_local_trace 100287a0 f   sfc_debugmsvc80:sfdb_call_stack.obj
 0001:00027c20       _sf_debug_cd_terminate_instance 10028c20 f   sfc_debugmsvc80:sfdb_cycle_detection.obj
 0001:00027c80       _sf_debug_cd_free_checksum_stack 10028c80 f   sfc_debugmsvc80:sfdb_cycle_detection.obj
 0001:00027cb0       _sf_debug_cd_reset_pack_strings 10028cb0 f   sfc_debugmsvc80:sfdb_cycle_detection.obj
 0001:00028300       _md5file_clear             10029300 f   sfc_debugmsvc80:ckmd5.obj
 0001:00028330       _Encode                    10029330 f   sfc_debugmsvc80:ckmd5.obj
 0001:00028370       _Decode                    10029370 f   sfc_debugmsvc80:ckmd5.obj
 0001:000283f0       _MD5Transform              100293f0 f   sfc_debugmsvc80:ckmd5.obj
 0001:00028ab0       _md5file_addn              10029ab0 f   sfc_debugmsvc80:ckmd5.obj
 0001:00028b60       _md5file_hash              10029b60 f   sfc_debugmsvc80:ckmd5.obj
 0001:00028fc2       _pre_c_init                10029fc2 f   MSVCRT:crtdll.obj
 0001:00029237       ___DllMainCRTStartup       1002a237 f   MSVCRT:crtdll.obj
 0001:000294ee       _has_osfxsr_set            1002a4ee f   MSVCRT:cpu_disp.obj
